EDA Netlist Writer report for adder_A_B_8_bits_on_board
Tue Apr 05 01:58:44 2022
Quartus Prime Version 18.1.0 Build 625 09/12/2018 SJ Lite Edition


---------------------
; Table of Contents ;
---------------------
  1. Legal Notice
  2. EDA Netlist Writer Summary
  3. EDA Netlist Writer Messages



----------------
; Legal Notice ;
----------------
Copyright (C) 2018  Intel Corporation. All rights reserved.
Your use of Intel Corporation's design tools, logic functions 
and other software and tools, and its AMPP partner logic 
functions, and any output files from any of the foregoing 
(including device programming or simulation files), and any 
associated documentation or information are expressly subject 
to the terms and conditions of the Intel Program License 
Subscription Agreement, the Intel Quartus Prime License Agreement,
the Intel FPGA IP License Agreement, or other applicable license
agreement, including, without limitation, that your use is for
the sole purpose of programming logic devices manufactured by
Intel and sold by Intel or its authorized distributors.  Please
refer to the applicable agreement for further details.



+-------------------------------------------------------------------+
; EDA Netlist Writer Summary                                        ;
+---------------------------+---------------------------------------+
; EDA Netlist Writer Status ; Successful - Tue Apr 05 01:58:44 2022 ;
; Revision Name             ; adder_A_B_8_bits_on_board             ;
; Top-level Entity Name     ; adder_A_B_8_bits_on_board             ;
; Family                    ; Cyclone V                             ;
+---------------------------+---------------------------------------+


+-----------------------------+
; EDA Netlist Writer Messages ;
+-----------------------------+
Info: *******************************************************************
Info: Running Quartus Prime EDA Netlist Writer
    Info: Version 18.1.0 Build 625 09/12/2018 SJ Lite Edition
    Info: Copyright (C) 2018  Intel Corporation. All rights reserved.
    Info: Your use of Intel Corporation's design tools, logic functions 
    Info: and other software and tools, and its AMPP partner logic 
    Info: functions, and any output files from any of the foregoing 
    Info: (including device programming or simulation files), and any 
    Info: associated documentation or information are expressly subject 
    Info: to the terms and conditions of the Intel Program License 
    Info: Subscription Agreement, the Intel Quartus Prime License Agreement,
    Info: the Intel FPGA IP License Agreement, or other applicable license
    Info: agreement, including, without limitation, that your use is for
    Info: the sole purpose of programming logic devices manufactured by
    Info: Intel and sold by Intel or its authorized distributors.  Please
    Info: refer to the applicable agreement for further details.
    Info: Processing started: Tue Apr 05 01:58:42 2022
Info: Command: quartus_eda --gen_testbench --tool=modelsim_oem --format=verilog --write_settings_files=off adder_A_B_8_bits_on_board -c adder_A_B_8_bits_on_board --vector_source=D:/Storage/temp/semestr_6/sw/5/projekty/adder_A_B_8_bits_on_board/Waveform.vwf --testbench_file=D:/Storage/temp/semestr_6/sw/5/projekty/adder_A_B_8_bits_on_board/simulation/qsim/Waveform.vwf.vt
Info (119006): Selected device 5CSEMA5F31C6 for design "adder_A_B_8_bits_on_board"
Warning (18236): Number of processors has not been specified which may cause overloading on shared machines.  Set the global assignment NUM_PARALLEL_PROCESSORS in your QSF to an appropriate value for best performance.
Warning (201005): Ignoring output pin "s" in vector source file when writing test bench files
Warning (201005): Ignoring output pin "s[7]" in vector source file when writing test bench files
Warning (201005): Ignoring output pin "s[6]" in vector source file when writing test bench files
Warning (201005): Ignoring output pin "s[5]" in vector source file when writing test bench files
Warning (201005): Ignoring output pin "s[4]" in vector source file when writing test bench files
Warning (201005): Ignoring output pin "s[3]" in vector source file when writing test bench files
Warning (201005): Ignoring output pin "s[2]" in vector source file when writing test bench files
Warning (201005): Ignoring output pin "s[1]" in vector source file when writing test bench files
Warning (201005): Ignoring output pin "s[0]" in vector source file when writing test bench files
Info (201000): Generated Verilog Test Bench File D:/Storage/temp/semestr_6/sw/5/projekty/adder_A_B_8_bits_on_board/simulation/qsim/Waveform.vwf.vt for simulation
Info: Quartus Prime EDA Netlist Writer was successful. 0 errors, 10 warnings
    Info: Peak virtual memory: 4708 megabytes
    Info: Processing ended: Tue Apr 05 01:58:44 2022
    Info: Elapsed time: 00:00:02
    Info: Total CPU time (on all processors): 00:00:01


