Flow report for choose_4_from_symbols_on_board
Wed Mar 23 15:57:37 2022
Quartus Prime Version 18.1.0 Build 625 09/12/2018 SJ Lite Edition


---------------------
; Table of Contents ;
---------------------
  1. Legal Notice
  2. Flow Summary
  3. Flow Settings
  4. Flow Non-Default Global Settings
  5. Flow Elapsed Time
  6. Flow OS Summary
  7. Flow Log
  8. Flow Messages
  9. Flow Suppressed Messages



----------------
; Legal Notice ;
----------------
Copyright (C) 2018  Intel Corporation. All rights reserved.
Your use of Intel Corporation's design tools, logic functions 
and other software and tools, and its AMPP partner logic 
functions, and any output files from any of the foregoing 
(including device programming or simulation files), and any 
associated documentation or information are expressly subject 
to the terms and conditions of the Intel Program License 
Subscription Agreement, the Intel Quartus Prime License Agreement,
the Intel FPGA IP License Agreement, or other applicable license
agreement, including, without limitation, that your use is for
the sole purpose of programming logic devices manufactured by
Intel and sold by Intel or its authorized distributors.  Please
refer to the applicable agreement for further details.



+-------------------------------------------------------------------------------+
; Flow Summary                                                                  ;
+---------------------------------+---------------------------------------------+
; Flow Status                     ; Successful - Wed Mar 23 15:57:37 2022       ;
; Quartus Prime Version           ; 18.1.0 Build 625 09/12/2018 SJ Lite Edition ;
; Revision Name                   ; choose_4_from_symbols_on_board              ;
; Top-level Entity Name           ; choose_4_from_symbols_on_board              ;
; Family                          ; Cyclone V                                   ;
; Device                          ; 5CSEMA5F31C6                                ;
; Timing Models                   ; Final                                       ;
; Logic utilization (in ALMs)     ; 4 / 32,070 ( < 1 % )                        ;
; Total registers                 ; 0                                           ;
; Total pins                      ; 27 / 457 ( 6 % )                            ;
; Total virtual pins              ; 0                                           ;
; Total block memory bits         ; 0 / 4,065,280 ( 0 % )                       ;
; Total DSP Blocks                ; 0 / 87 ( 0 % )                              ;
; Total HSSI RX PCSs              ; 0                                           ;
; Total HSSI PMA RX Deserializers ; 0                                           ;
; Total HSSI TX PCSs              ; 0                                           ;
; Total HSSI PMA TX Serializers   ; 0                                           ;
; Total PLLs                      ; 0 / 6 ( 0 % )                               ;
; Total DLLs                      ; 0 / 4 ( 0 % )                               ;
+---------------------------------+---------------------------------------------+


+----------------------------------------------------+
; Flow Settings                                      ;
+-------------------+--------------------------------+
; Option            ; Setting                        ;
+-------------------+--------------------------------+
; Start date & time ; 03/23/2022 15:09:50            ;
; Main task         ; Compilation                    ;
; Revision Name     ; choose_4_from_symbols_on_board ;
+-------------------+--------------------------------+


+-------------------------------------------------------------------------------------------------------------------------+
; Flow Non-Default Global Settings                                                                                        ;
+-------------------------------------+----------------------------------------+---------------+-------------+------------+
; Assignment Name                     ; Value                                  ; Default Value ; Entity Name ; Section Id ;
+-------------------------------------+----------------------------------------+---------------+-------------+------------+
; COMPILER_SIGNATURE_ID               ; 238146172783829.164804458909084        ; --            ; --          ; --         ;
; PARTITION_COLOR                     ; -- (Not supported for targeted family) ; --            ; --          ; Top        ;
; PARTITION_FITTER_PRESERVATION_LEVEL ; -- (Not supported for targeted family) ; --            ; --          ; Top        ;
; PARTITION_NETLIST_TYPE              ; -- (Not supported for targeted family) ; --            ; --          ; Top        ;
; PROJECT_OUTPUT_DIRECTORY            ; output_files                           ; --            ; --          ; --         ;
+-------------------------------------+----------------------------------------+---------------+-------------+------------+


+--------------------------------------------------------------------------------------------------------------------------+
; Flow Elapsed Time                                                                                                        ;
+----------------------+--------------+-------------------------+---------------------+------------------------------------+
; Module Name          ; Elapsed Time ; Average Processors Used ; Peak Virtual Memory ; Total CPU Time (on all processors) ;
+----------------------+--------------+-------------------------+---------------------+------------------------------------+
; Analysis & Synthesis ; 00:00:19     ; 1.0                     ; 4815 MB             ; 00:00:44                           ;
; Fitter               ; 00:00:50     ; 1.0                     ; 6588 MB             ; 00:01:26                           ;
; Assembler            ; 00:00:11     ; 1.0                     ; 4831 MB             ; 00:00:11                           ;
; Timing Analyzer      ; 00:00:08     ; 1.0                     ; 5121 MB             ; 00:00:08                           ;
; EDA Netlist Writer   ; 00:00:02     ; 1.0                     ; 4706 MB             ; 00:00:02                           ;
; EDA Netlist Writer   ; 00:00:03     ; 1.0                     ; 4716 MB             ; 00:00:02                           ;
; EDA Netlist Writer   ; 00:00:02     ; 1.0                     ; 4706 MB             ; 00:00:02                           ;
; EDA Netlist Writer   ; 00:00:01     ; 1.0                     ; 4717 MB             ; 00:00:02                           ;
; EDA Netlist Writer   ; 00:00:02     ; 1.0                     ; 4706 MB             ; 00:00:02                           ;
; EDA Netlist Writer   ; 00:00:01     ; 1.0                     ; 4717 MB             ; 00:00:02                           ;
; EDA Netlist Writer   ; 00:00:02     ; 1.0                     ; 4706 MB             ; 00:00:02                           ;
; EDA Netlist Writer   ; 00:00:02     ; 1.0                     ; 4716 MB             ; 00:00:02                           ;
; Total                ; 00:01:43     ; --                      ; --                  ; 00:02:45                           ;
+----------------------+--------------+-------------------------+---------------------+------------------------------------+


+------------------------------------------------------------------------------------+
; Flow OS Summary                                                                    ;
+----------------------+------------------+------------+------------+----------------+
; Module Name          ; Machine Hostname ; OS Name    ; OS Version ; Processor type ;
+----------------------+------------------+------------+------------+----------------+
; Analysis & Synthesis ; DESKTOP-FN18KBP  ; Windows 10 ; 10.0       ; x86_64         ;
; Fitter               ; DESKTOP-FN18KBP  ; Windows 10 ; 10.0       ; x86_64         ;
; Assembler            ; DESKTOP-FN18KBP  ; Windows 10 ; 10.0       ; x86_64         ;
; Timing Analyzer      ; DESKTOP-FN18KBP  ; Windows 10 ; 10.0       ; x86_64         ;
; EDA Netlist Writer   ; DESKTOP-FN18KBP  ; Windows 10 ; 10.0       ; x86_64         ;
; EDA Netlist Writer   ; DESKTOP-FN18KBP  ; Windows 10 ; 10.0       ; x86_64         ;
; EDA Netlist Writer   ; DESKTOP-FN18KBP  ; Windows 10 ; 10.0       ; x86_64         ;
; EDA Netlist Writer   ; DESKTOP-FN18KBP  ; Windows 10 ; 10.0       ; x86_64         ;
; EDA Netlist Writer   ; DESKTOP-FN18KBP  ; Windows 10 ; 10.0       ; x86_64         ;
; EDA Netlist Writer   ; DESKTOP-FN18KBP  ; Windows 10 ; 10.0       ; x86_64         ;
; EDA Netlist Writer   ; DESKTOP-FN18KBP  ; Windows 10 ; 10.0       ; x86_64         ;
; EDA Netlist Writer   ; DESKTOP-FN18KBP  ; Windows 10 ; 10.0       ; x86_64         ;
+----------------------+------------------+------------+------------+----------------+


------------
; Flow Log ;
------------
quartus_map --read_settings_files=on --write_settings_files=off choose_4_from_symbols_on_board -c choose_4_from_symbols_on_board
quartus_fit --read_settings_files=off --write_settings_files=off choose_4_from_symbols_on_board -c choose_4_from_symbols_on_board
quartus_asm --read_settings_files=off --write_settings_files=off choose_4_from_symbols_on_board -c choose_4_from_symbols_on_board
quartus_sta choose_4_from_symbols_on_board -c choose_4_from_symbols_on_board
quartus_eda --gen_testbench --tool=modelsim_oem --format=verilog --write_settings_files=off choose_4_from_symbols_on_board -c choose_4_from_symbols_on_board --vector_source=D:/Storage/temp/semestr_6/sw/3/choose_4_from_symbols_on_board/Waveform1.vwf --testbench_file=D:/Storage/temp/semestr_6/sw/3/choose_4_from_symbols_on_board/simulation/qsim/Waveform1.vwf.vt
quartus_eda --write_settings_files=off --simulation=on --functional=on --flatten_buses=off --tool=modelsim_oem --format=verilog --output_directory=D:/Storage/temp/semestr_6/sw/3/choose_4_from_symbols_on_board/simulation/qsim/ choose_4_from_symbols_on_board -c choose_4_from_symbols_on_board
quartus_eda --gen_testbench --tool=modelsim_oem --format=verilog --write_settings_files=off choose_4_from_symbols_on_board -c choose_4_from_symbols_on_board --vector_source=D:/Storage/temp/semestr_6/sw/3/choose_4_from_symbols_on_board/Waveform1.vwf --testbench_file=D:/Storage/temp/semestr_6/sw/3/choose_4_from_symbols_on_board/simulation/qsim/Waveform1.vwf.vt
quartus_eda --write_settings_files=off --simulation=on --functional=on --flatten_buses=off --tool=modelsim_oem --format=verilog --output_directory=D:/Storage/temp/semestr_6/sw/3/choose_4_from_symbols_on_board/simulation/qsim/ choose_4_from_symbols_on_board -c choose_4_from_symbols_on_board
quartus_eda --gen_testbench --tool=modelsim_oem --format=verilog --write_settings_files=off choose_4_from_symbols_on_board -c choose_4_from_symbols_on_board --vector_source=D:/Storage/temp/semestr_6/sw/3/choose_4_from_symbols_on_board/Waveform1.vwf --testbench_file=D:/Storage/temp/semestr_6/sw/3/choose_4_from_symbols_on_board/simulation/qsim/Waveform1.vwf.vt
quartus_eda --write_settings_files=off --simulation=on --functional=on --flatten_buses=off --tool=modelsim_oem --format=verilog --output_directory=D:/Storage/temp/semestr_6/sw/3/choose_4_from_symbols_on_board/simulation/qsim/ choose_4_from_symbols_on_board -c choose_4_from_symbols_on_board
quartus_eda --gen_testbench --tool=modelsim_oem --format=verilog --write_settings_files=off choose_4_from_symbols_on_board -c choose_4_from_symbols_on_board --vector_source=D:/Storage/temp/semestr_6/sw/3/choose_4_from_symbols_on_board/Waveform1.vwf --testbench_file=D:/Storage/temp/semestr_6/sw/3/choose_4_from_symbols_on_board/simulation/qsim/Waveform1.vwf.vt
quartus_eda --write_settings_files=off --simulation=on --functional=on --flatten_buses=off --tool=modelsim_oem --format=verilog --output_directory=D:/Storage/temp/semestr_6/sw/3/choose_4_from_symbols_on_board/simulation/qsim/ choose_4_from_symbols_on_board -c choose_4_from_symbols_on_board



