Flow report for mux_4_1_1_bit_on_board
Sun Mar 23 17:47:44 2025
Quartus Prime Version 18.1.0 Build 625 09/12/2018 SJ Lite Edition


---------------------
; Table of Contents ;
---------------------
  1. Legal Notice
  2. Flow Summary
  3. Flow Settings
  4. Flow Non-Default Global Settings
  5. Flow Elapsed Time
  6. Flow OS Summary
  7. Flow Log
  8. Flow Messages
  9. Flow Suppressed Messages



----------------
; Legal Notice ;
----------------
Copyright (C) 2018  Intel Corporation. All rights reserved.
Your use of Intel Corporation's design tools, logic functions 
and other software and tools, and its AMPP partner logic 
functions, and any output files from any of the foregoing 
(including device programming or simulation files), and any 
associated documentation or information are expressly subject 
to the terms and conditions of the Intel Program License 
Subscription Agreement, the Intel Quartus Prime License Agreement,
the Intel FPGA IP License Agreement, or other applicable license
agreement, including, without limitation, that your use is for
the sole purpose of programming logic devices manufactured by
Intel and sold by Intel or its authorized distributors.  Please
refer to the applicable agreement for further details.



+-------------------------------------------------------------------------------+
; Flow Summary                                                                  ;
+---------------------------------+---------------------------------------------+
; Flow Status                     ; Successful - Sun Mar 23 17:47:44 2025       ;
; Quartus Prime Version           ; 18.1.0 Build 625 09/12/2018 SJ Lite Edition ;
; Revision Name                   ; mux_4_1_1_bit_on_board                      ;
; Top-level Entity Name           ; mux_4_1_1_bit                               ;
; Family                          ; Cyclone V                                   ;
; Device                          ; 5CSEMA5F31C6                                ;
; Timing Models                   ; Final                                       ;
; Logic utilization (in ALMs)     ; 2 / 32,070 ( < 1 % )                        ;
; Total registers                 ; 0                                           ;
; Total pins                      ; 7 / 457 ( 2 % )                             ;
; Total virtual pins              ; 0                                           ;
; Total block memory bits         ; 0 / 4,065,280 ( 0 % )                       ;
; Total DSP Blocks                ; 0 / 87 ( 0 % )                              ;
; Total HSSI RX PCSs              ; 0                                           ;
; Total HSSI PMA RX Deserializers ; 0                                           ;
; Total HSSI TX PCSs              ; 0                                           ;
; Total HSSI PMA TX Serializers   ; 0                                           ;
; Total PLLs                      ; 0 / 6 ( 0 % )                               ;
; Total DLLs                      ; 0 / 4 ( 0 % )                               ;
+---------------------------------+---------------------------------------------+


+--------------------------------------------+
; Flow Settings                              ;
+-------------------+------------------------+
; Option            ; Setting                ;
+-------------------+------------------------+
; Start date & time ; 03/12/2025 17:41:54    ;
; Main task         ; Compilation            ;
; Revision Name     ; mux_4_1_1_bit_on_board ;
+-------------------+------------------------+


+------------------------------------------------------------------------------------------------------------------------------------+
; Flow Non-Default Global Settings                                                                                                   ;
+-------------------------------------+----------------------------------------+------------------------+---------------+------------+
; Assignment Name                     ; Value                                  ; Default Value          ; Entity Name   ; Section Id ;
+-------------------------------------+----------------------------------------+------------------------+---------------+------------+
; COMPILER_SIGNATURE_ID               ; 2542954823937.174179771305624          ; --                     ; --            ; --         ;
; MAX_CORE_JUNCTION_TEMP              ; 85                                     ; --                     ; --            ; --         ;
; MIN_CORE_JUNCTION_TEMP              ; 0                                      ; --                     ; --            ; --         ;
; PARTITION_COLOR                     ; -- (Not supported for targeted family) ; --                     ; mux_4_1_1_bit ; Top        ;
; PARTITION_FITTER_PRESERVATION_LEVEL ; -- (Not supported for targeted family) ; --                     ; mux_4_1_1_bit ; Top        ;
; PARTITION_NETLIST_TYPE              ; -- (Not supported for targeted family) ; --                     ; mux_4_1_1_bit ; Top        ;
; POWER_BOARD_THERMAL_MODEL           ; None (CONSERVATIVE)                    ; --                     ; --            ; --         ;
; POWER_PRESET_COOLING_SOLUTION       ; 23 MM HEAT SINK WITH 200 LFPM AIRFLOW  ; --                     ; --            ; --         ;
; PROJECT_OUTPUT_DIRECTORY            ; output_files                           ; --                     ; --            ; --         ;
; TOP_LEVEL_ENTITY                    ; mux_4_1_1_bit                          ; mux_4_1_1_bit_on_board ; --            ; --         ;
+-------------------------------------+----------------------------------------+------------------------+---------------+------------+


+--------------------------------------------------------------------------------------------------------------------------+
; Flow Elapsed Time                                                                                                        ;
+----------------------+--------------+-------------------------+---------------------+------------------------------------+
; Module Name          ; Elapsed Time ; Average Processors Used ; Peak Virtual Memory ; Total CPU Time (on all processors) ;
+----------------------+--------------+-------------------------+---------------------+------------------------------------+
; Analysis & Synthesis ; 00:00:20     ; 1.0                     ; 4841 MB             ; 00:00:44                           ;
; Fitter               ; 00:02:04     ; 1.0                     ; 7754 MB             ; 00:11:26                           ;
; Assembler            ; 00:00:13     ; 1.0                     ; 4827 MB             ; 00:00:12                           ;
; Timing Analyzer      ; 00:00:09     ; 1.1                     ; 5249 MB             ; 00:00:08                           ;
; EDA Netlist Writer   ; 00:00:02     ; 1.0                     ; 4711 MB             ; 00:00:03                           ;
; EDA Netlist Writer   ; 00:00:02     ; 1.0                     ; 4719 MB             ; 00:00:03                           ;
; EDA Netlist Writer   ; 00:00:05     ; 1.0                     ; 4711 MB             ; 00:00:02                           ;
; EDA Netlist Writer   ; 00:00:02     ; 1.0                     ; 4719 MB             ; 00:00:02                           ;
; EDA Netlist Writer   ; 00:00:02     ; 1.0                     ; 4712 MB             ; 00:00:02                           ;
; EDA Netlist Writer   ; 00:00:02     ; 1.0                     ; 4719 MB             ; 00:00:02                           ;
; EDA Netlist Writer   ; 00:00:03     ; 1.0                     ; 4711 MB             ; 00:00:02                           ;
; EDA Netlist Writer   ; 00:00:02     ; 1.0                     ; 4719 MB             ; 00:00:02                           ;
; EDA Netlist Writer   ; 00:00:07     ; 1.0                     ; 4712 MB             ; 00:00:03                           ;
; EDA Netlist Writer   ; 00:00:02     ; 1.0                     ; 4720 MB             ; 00:00:03                           ;
; EDA Netlist Writer   ; 00:00:01     ; 1.0                     ; 4712 MB             ; 00:00:01                           ;
; EDA Netlist Writer   ; 00:00:01     ; 1.0                     ; 4720 MB             ; 00:00:01                           ;
; Total                ; 00:03:17     ; --                      ; --                  ; 00:12:56                           ;
+----------------------+--------------+-------------------------+---------------------+------------------------------------+


+------------------------------------------------------------------------------------+
; Flow OS Summary                                                                    ;
+----------------------+------------------+------------+------------+----------------+
; Module Name          ; Machine Hostname ; OS Name    ; OS Version ; Processor type ;
+----------------------+------------------+------------+------------+----------------+
; Analysis & Synthesis ; DESKTOP-692137   ; Windows 10 ; 10.0       ; x86_64         ;
; Fitter               ; DESKTOP-692137   ; Windows 10 ; 10.0       ; x86_64         ;
; Assembler            ; DESKTOP-692137   ; Windows 10 ; 10.0       ; x86_64         ;
; Timing Analyzer      ; DESKTOP-692137   ; Windows 10 ; 10.0       ; x86_64         ;
; EDA Netlist Writer   ; DESKTOP-692137   ; Windows 10 ; 10.0       ; x86_64         ;
; EDA Netlist Writer   ; DESKTOP-692137   ; Windows 10 ; 10.0       ; x86_64         ;
; EDA Netlist Writer   ; DESKTOP-692137   ; Windows 10 ; 10.0       ; x86_64         ;
; EDA Netlist Writer   ; DESKTOP-692137   ; Windows 10 ; 10.0       ; x86_64         ;
; EDA Netlist Writer   ; DESKTOP-692137   ; Windows 10 ; 10.0       ; x86_64         ;
; EDA Netlist Writer   ; DESKTOP-692137   ; Windows 10 ; 10.0       ; x86_64         ;
; EDA Netlist Writer   ; DESKTOP-692137   ; Windows 10 ; 10.0       ; x86_64         ;
; EDA Netlist Writer   ; DESKTOP-692137   ; Windows 10 ; 10.0       ; x86_64         ;
; EDA Netlist Writer   ; DESKTOP-692137   ; Windows 10 ; 10.0       ; x86_64         ;
; EDA Netlist Writer   ; DESKTOP-692137   ; Windows 10 ; 10.0       ; x86_64         ;
; EDA Netlist Writer   ; DESKTOP-692137   ; Windows 10 ; 10.0       ; x86_64         ;
; EDA Netlist Writer   ; DESKTOP-692137   ; Windows 10 ; 10.0       ; x86_64         ;
+----------------------+------------------+------------+------------+----------------+


------------
; Flow Log ;
------------
quartus_map --read_settings_files=on --write_settings_files=off mux_4_1_1_bit_on_board -c mux_4_1_1_bit_on_board
quartus_fit --read_settings_files=off --write_settings_files=off mux_4_1_1_bit_on_board -c mux_4_1_1_bit_on_board
quartus_asm --read_settings_files=off --write_settings_files=off mux_4_1_1_bit_on_board -c mux_4_1_1_bit_on_board
quartus_sta mux_4_1_1_bit_on_board -c mux_4_1_1_bit_on_board
quartus_eda --gen_testbench --tool=modelsim_oem --format=verilog --write_settings_files=off mux_4_1_1_bit_on_board -c mux_4_1_1_bit_on_board --vector_source=E:/PB/SEM_6/SW/Lab_3/1/Waveform1.vwf --testbench_file=E:/PB/SEM_6/SW/Lab_3/1/simulation/qsim/Waveform1.vwf.vt
quartus_eda --write_settings_files=off --simulation=on --functional=on --flatten_buses=off --tool=modelsim_oem --format=verilog --output_directory=E:/PB/SEM_6/SW/Lab_3/1/simulation/qsim/ mux_4_1_1_bit_on_board -c mux_4_1_1_bit_on_board
quartus_eda --gen_testbench --tool=modelsim_oem --format=verilog --write_settings_files=off mux_4_1_1_bit_on_board -c mux_4_1_1_bit_on_board --vector_source=E:/PB/SEM_6/SW/Lab_3/1/Waveform1.vwf --testbench_file=E:/PB/SEM_6/SW/Lab_3/1/simulation/qsim/Waveform1.vwf.vt
quartus_eda --write_settings_files=off --simulation=on --functional=on --flatten_buses=off --tool=modelsim_oem --format=verilog --output_directory=E:/PB/SEM_6/SW/Lab_3/1/simulation/qsim/ mux_4_1_1_bit_on_board -c mux_4_1_1_bit_on_board
quartus_eda --gen_testbench --tool=modelsim_oem --format=verilog --write_settings_files=off mux_4_1_1_bit_on_board -c mux_4_1_1_bit_on_board --vector_source=E:/PB/SEM_6/SW/Lab_3/1/Waveform1.vwf --testbench_file=E:/PB/SEM_6/SW/Lab_3/1/simulation/qsim/Waveform1.vwf.vt
quartus_eda --write_settings_files=off --simulation=on --functional=on --flatten_buses=off --tool=modelsim_oem --format=verilog --output_directory=E:/PB/SEM_6/SW/Lab_3/1/simulation/qsim/ mux_4_1_1_bit_on_board -c mux_4_1_1_bit_on_board
quartus_eda --gen_testbench --tool=modelsim_oem --format=verilog --write_settings_files=off mux_4_1_1_bit_on_board -c mux_4_1_1_bit_on_board --vector_source=E:/PB/SEM_6/SW/Lab_3/1/Waveform1.vwf --testbench_file=E:/PB/SEM_6/SW/Lab_3/1/simulation/qsim/Waveform1.vwf.vt
quartus_eda --write_settings_files=off --simulation=on --functional=on --flatten_buses=off --tool=modelsim_oem --format=verilog --output_directory=E:/PB/SEM_6/SW/Lab_3/1/simulation/qsim/ mux_4_1_1_bit_on_board -c mux_4_1_1_bit_on_board
quartus_eda --gen_testbench --tool=modelsim_oem --format=verilog --write_settings_files=off mux_4_1_1_bit_on_board -c mux_4_1_1_bit_on_board --vector_source=E:/PB/SEM_6/SW/Lab_3/1/Waveform1.vwf --testbench_file=E:/PB/SEM_6/SW/Lab_3/1/simulation/qsim/Waveform1.vwf.vt
quartus_eda --write_settings_files=off --simulation=on --functional=on --flatten_buses=off --tool=modelsim_oem --format=verilog --output_directory=E:/PB/SEM_6/SW/Lab_3/1/simulation/qsim/ mux_4_1_1_bit_on_board -c mux_4_1_1_bit_on_board
quartus_eda --gen_testbench --tool=modelsim_oem --format=verilog --write_settings_files=off mux_4_1_1_bit_on_board -c mux_4_1_1_bit_on_board --vector_source=E:/PB/SEM_6/SW/Lab_3/1/Waveform1.vwf --testbench_file=E:/PB/SEM_6/SW/Lab_3/1/simulation/qsim/Waveform1.vwf.vt
quartus_eda --write_settings_files=off --simulation=on --functional=on --flatten_buses=off --tool=modelsim_oem --format=verilog --output_directory=E:/PB/SEM_6/SW/Lab_3/1/simulation/qsim/ mux_4_1_1_bit_on_board -c mux_4_1_1_bit_on_board



