------------------------------------------------------------
Timing Analyzer Summary
------------------------------------------------------------

Type  : Slow 1100mV 85C Model Setup 'virt_clk_out'
Slack : 0.911
TNS   : 0.000

Type  : Slow 1100mV 85C Model Setup 'clk'
Slack : 2.245
TNS   : 0.000

Type  : Slow 1100mV 85C Model Hold 'clk'
Slack : 1.807
TNS   : 0.000

Type  : Slow 1100mV 85C Model Hold 'virt_clk_out'
Slack : 6.433
TNS   : 0.000

Type  : Slow 1100mV 85C Model Recovery 'clk'
Slack : 5.318
TNS   : 0.000

Type  : Slow 1100mV 85C Model Removal 'clk'
Slack : 0.701
TNS   : 0.000

Type  : Slow 1100mV 85C Model Minimum Pulse Width 'clk'
Slack : 4.245
TNS   : 0.000

Type  : Slow 1100mV 0C Model Setup 'virt_clk_out'
Slack : 1.014
TNS   : 0.000

Type  : Slow 1100mV 0C Model Setup 'clk'
Slack : 2.811
TNS   : 0.000

Type  : Slow 1100mV 0C Model Hold 'clk'
Slack : 1.654
TNS   : 0.000

Type  : Slow 1100mV 0C Model Hold 'virt_clk_out'
Slack : 6.374
TNS   : 0.000

Type  : Slow 1100mV 0C Model Recovery 'clk'
Slack : 3.146
TNS   : 0.000

Type  : Slow 1100mV 0C Model Removal 'clk'
Slack : 2.725
TNS   : 0.000

Type  : Slow 1100mV 0C Model Minimum Pulse Width 'clk'
Slack : 4.206
TNS   : 0.000

Type  : Fast 1100mV 85C Model Setup 'virt_clk_out'
Slack : 4.171
TNS   : 0.000

Type  : Fast 1100mV 85C Model Setup 'clk'
Slack : 4.467
TNS   : 0.000

Type  : Fast 1100mV 85C Model Hold 'clk'
Slack : 1.162
TNS   : 0.000

Type  : Fast 1100mV 85C Model Hold 'virt_clk_out'
Slack : 3.858
TNS   : 0.000

Type  : Fast 1100mV 85C Model Recovery 'clk'
Slack : 4.312
TNS   : 0.000

Type  : Fast 1100mV 85C Model Removal 'clk'
Slack : 2.094
TNS   : 0.000

Type  : Fast 1100mV 85C Model Minimum Pulse Width 'clk'
Slack : 4.422
TNS   : 0.000

Type  : Fast 1100mV 0C Model Setup 'virt_clk_out'
Slack : 4.433
TNS   : 0.000

Type  : Fast 1100mV 0C Model Setup 'clk'
Slack : 4.783
TNS   : 0.000

Type  : Fast 1100mV 0C Model Hold 'clk'
Slack : 1.008
TNS   : 0.000

Type  : Fast 1100mV 0C Model Hold 'virt_clk_out'
Slack : 3.670
TNS   : 0.000

Type  : Fast 1100mV 0C Model Recovery 'clk'
Slack : 6.270
TNS   : 0.000

Type  : Fast 1100mV 0C Model Removal 'clk'
Slack : 0.505
TNS   : 0.000

Type  : Fast 1100mV 0C Model Minimum Pulse Width 'clk'
Slack : 4.422
TNS   : 0.000

------------------------------------------------------------
