Analysis & Synthesis report for accum_N_bits_assign
Wed Apr 23 22:09:45 2025
Quartus Prime Version 18.1.0 Build 625 09/12/2018 SJ Lite Edition


---------------------
; Table of Contents ;
---------------------
  1. Legal Notice
  2. Analysis & Synthesis Summary
  3. Analysis & Synthesis Settings
  4. Parallel Compilation
  5. Analysis & Synthesis Source Files Read
  6. Analysis & Synthesis Resource Usage Summary
  7. Analysis & Synthesis Resource Utilization by Entity
  8. General Register Statistics
  9. Parameter Settings for User Entity Instance: accum_N_bits_assign:accumulator
 10. Parameter Settings for User Entity Instance: accum_N_bits_assign:accumulator|register_N_bits:r
 11. Post-Synthesis Netlist Statistics for Top Partition
 12. Elapsed Time Per Partition
 13. Analysis & Synthesis Messages



----------------
; Legal Notice ;
----------------
Copyright (C) 2018  Intel Corporation. All rights reserved.
Your use of Intel Corporation's design tools, logic functions 
and other software and tools, and its AMPP partner logic 
functions, and any output files from any of the foregoing 
(including device programming or simulation files), and any 
associated documentation or information are expressly subject 
to the terms and conditions of the Intel Program License 
Subscription Agreement, the Intel Quartus Prime License Agreement,
the Intel FPGA IP License Agreement, or other applicable license
agreement, including, without limitation, that your use is for
the sole purpose of programming logic devices manufactured by
Intel and sold by Intel or its authorized distributors.  Please
refer to the applicable agreement for further details.



+-------------------------------------------------------------------------------+
; Analysis & Synthesis Summary                                                  ;
+---------------------------------+---------------------------------------------+
; Analysis & Synthesis Status     ; Successful - Wed Apr 23 22:09:45 2025       ;
; Quartus Prime Version           ; 18.1.0 Build 625 09/12/2018 SJ Lite Edition ;
; Revision Name                   ; accum_N_bits_assign                         ;
; Top-level Entity Name           ; accum_N_bits_assign_on_board                ;
; Family                          ; Cyclone V                                   ;
; Logic utilization (in ALMs)     ; N/A                                         ;
; Total registers                 ; 10                                          ;
; Total pins                      ; 48                                          ;
; Total virtual pins              ; 0                                           ;
; Total block memory bits         ; 0                                           ;
; Total DSP Blocks                ; 0                                           ;
; Total HSSI RX PCSs              ; 0                                           ;
; Total HSSI PMA RX Deserializers ; 0                                           ;
; Total HSSI TX PCSs              ; 0                                           ;
; Total HSSI PMA TX Serializers   ; 0                                           ;
; Total PLLs                      ; 0                                           ;
; Total DLLs                      ; 0                                           ;
+---------------------------------+---------------------------------------------+


+--------------------------------------------------------------------------------------------------------------------------------------+
; Analysis & Synthesis Settings                                                                                                        ;
+---------------------------------------------------------------------------------+------------------------------+---------------------+
; Option                                                                          ; Setting                      ; Default Value       ;
+---------------------------------------------------------------------------------+------------------------------+---------------------+
; Device                                                                          ; 5CSEMA5F31C6                 ;                     ;
; Top-level entity name                                                           ; accum_N_bits_assign_on_board ; accum_N_bits_assign ;
; Family name                                                                     ; Cyclone V                    ; Cyclone V           ;
; Use smart compilation                                                           ; Off                          ; Off                 ;
; Enable parallel Assembler and Timing Analyzer during compilation                ; On                           ; On                  ;
; Enable compact report table                                                     ; Off                          ; Off                 ;
; Restructure Multiplexers                                                        ; Auto                         ; Auto                ;
; MLAB Add Timing Constraints For Mixed-Port Feed-Through Mode Setting Don't Care ; Off                          ; Off                 ;
; Create Debugging Nodes for IP Cores                                             ; Off                          ; Off                 ;
; Preserve fewer node names                                                       ; On                           ; On                  ;
; Intel FPGA IP Evaluation Mode                                                   ; Enable                       ; Enable              ;
; Verilog Version                                                                 ; Verilog_2001                 ; Verilog_2001        ;
; VHDL Version                                                                    ; VHDL_1993                    ; VHDL_1993           ;
; State Machine Processing                                                        ; Auto                         ; Auto                ;
; Safe State Machine                                                              ; Off                          ; Off                 ;
; Extract Verilog State Machines                                                  ; On                           ; On                  ;
; Extract VHDL State Machines                                                     ; On                           ; On                  ;
; Ignore Verilog initial constructs                                               ; Off                          ; Off                 ;
; Iteration limit for constant Verilog loops                                      ; 5000                         ; 5000                ;
; Iteration limit for non-constant Verilog loops                                  ; 250                          ; 250                 ;
; Add Pass-Through Logic to Inferred RAMs                                         ; On                           ; On                  ;
; Infer RAMs from Raw Logic                                                       ; On                           ; On                  ;
; Parallel Synthesis                                                              ; On                           ; On                  ;
; DSP Block Balancing                                                             ; Auto                         ; Auto                ;
; NOT Gate Push-Back                                                              ; On                           ; On                  ;
; Power-Up Don't Care                                                             ; On                           ; On                  ;
; Remove Redundant Logic Cells                                                    ; Off                          ; Off                 ;
; Remove Duplicate Registers                                                      ; On                           ; On                  ;
; Ignore CARRY Buffers                                                            ; Off                          ; Off                 ;
; Ignore CASCADE Buffers                                                          ; Off                          ; Off                 ;
; Ignore GLOBAL Buffers                                                           ; Off                          ; Off                 ;
; Ignore ROW GLOBAL Buffers                                                       ; Off                          ; Off                 ;
; Ignore LCELL Buffers                                                            ; Off                          ; Off                 ;
; Ignore SOFT Buffers                                                             ; On                           ; On                  ;
; Limit AHDL Integers to 32 Bits                                                  ; Off                          ; Off                 ;
; Optimization Technique                                                          ; Balanced                     ; Balanced            ;
; Carry Chain Length                                                              ; 70                           ; 70                  ;
; Auto Carry Chains                                                               ; On                           ; On                  ;
; Auto Open-Drain Pins                                                            ; On                           ; On                  ;
; Perform WYSIWYG Primitive Resynthesis                                           ; Off                          ; Off                 ;
; Auto ROM Replacement                                                            ; On                           ; On                  ;
; Auto RAM Replacement                                                            ; On                           ; On                  ;
; Auto DSP Block Replacement                                                      ; On                           ; On                  ;
; Auto Shift Register Replacement                                                 ; Auto                         ; Auto                ;
; Allow Shift Register Merging across Hierarchies                                 ; Auto                         ; Auto                ;
; Auto Clock Enable Replacement                                                   ; On                           ; On                  ;
; Strict RAM Replacement                                                          ; Off                          ; Off                 ;
; Allow Synchronous Control Signals                                               ; On                           ; On                  ;
; Force Use of Synchronous Clear Signals                                          ; Off                          ; Off                 ;
; Auto Resource Sharing                                                           ; Off                          ; Off                 ;
; Allow Any RAM Size For Recognition                                              ; Off                          ; Off                 ;
; Allow Any ROM Size For Recognition                                              ; Off                          ; Off                 ;
; Allow Any Shift Register Size For Recognition                                   ; Off                          ; Off                 ;
; Use LogicLock Constraints during Resource Balancing                             ; On                           ; On                  ;
; Ignore translate_off and synthesis_off directives                               ; Off                          ; Off                 ;
; Timing-Driven Synthesis                                                         ; On                           ; On                  ;
; Report Parameter Settings                                                       ; On                           ; On                  ;
; Report Source Assignments                                                       ; On                           ; On                  ;
; Report Connectivity Checks                                                      ; On                           ; On                  ;
; Ignore Maximum Fan-Out Assignments                                              ; Off                          ; Off                 ;
; Synchronization Register Chain Length                                           ; 3                            ; 3                   ;
; Power Optimization During Synthesis                                             ; Normal compilation           ; Normal compilation  ;
; HDL message level                                                               ; Level2                       ; Level2              ;
; Suppress Register Optimization Related Messages                                 ; Off                          ; Off                 ;
; Number of Removed Registers Reported in Synthesis Report                        ; 5000                         ; 5000                ;
; Number of Swept Nodes Reported in Synthesis Report                              ; 5000                         ; 5000                ;
; Number of Inverted Registers Reported in Synthesis Report                       ; 100                          ; 100                 ;
; Clock MUX Protection                                                            ; On                           ; On                  ;
; Auto Gated Clock Conversion                                                     ; Off                          ; Off                 ;
; Block Design Naming                                                             ; Auto                         ; Auto                ;
; SDC constraint protection                                                       ; Off                          ; Off                 ;
; Synthesis Effort                                                                ; Auto                         ; Auto                ;
; Shift Register Replacement - Allow Asynchronous Clear Signal                    ; On                           ; On                  ;
; Pre-Mapping Resynthesis Optimization                                            ; Off                          ; Off                 ;
; Analysis & Synthesis Message Level                                              ; Medium                       ; Medium              ;
; Disable Register Merging Across Hierarchies                                     ; Auto                         ; Auto                ;
; Resource Aware Inference For Block RAM                                          ; On                           ; On                  ;
; Automatic Parallel Synthesis                                                    ; On                           ; On                  ;
; Partial Reconfiguration Bitstream ID                                            ; Off                          ; Off                 ;
+---------------------------------------------------------------------------------+------------------------------+---------------------+


+------------------------------------------+
; Parallel Compilation                     ;
+----------------------------+-------------+
; Processors                 ; Number      ;
+----------------------------+-------------+
; Number detected on machine ; 16          ;
; Maximum allowed            ; 16          ;
;                            ;             ;
; Average used               ; 1.00        ;
; Maximum used               ; 16          ;
;                            ;             ;
; Usage by Processor         ; % Time Used ;
;     Processor 1            ; 100.0%      ;
;     Processors 2-16        ;   0.0%      ;
+----------------------------+-------------+


+-----------------------------------------------------------------------------------------------------------------------------------------------------------------+
; Analysis & Synthesis Source Files Read                                                                                                                          ;
+----------------------------------+-----------------+------------------------+-------------------------------------------------------------------------+---------+
; File Name with User-Entered Path ; Used in Netlist ; File Type              ; File Name with Absolute Path                                            ; Library ;
+----------------------------------+-----------------+------------------------+-------------------------------------------------------------------------+---------+
; accum_N_bits_assign.v            ; yes             ; User Verilog HDL File  ; E:/PB/SEM_6/SW/Lab_8/accum_N_bits_assign/accum_N_bits_assign.v          ;         ;
; register_N_bits.v                ; yes             ; User Verilog HDL File  ; E:/PB/SEM_6/SW/Lab_8/accum_N_bits_assign/register_N_bits.v              ;         ;
; decoder_hex_10.v                 ; yes             ; User Verilog HDL File  ; E:/PB/SEM_6/SW/Lab_8/accum_N_bits_assign/decoder_hex_10.v               ;         ;
; accum_N_bits_assign_on_board.v   ; yes             ; User Verilog HDL File  ; E:/PB/SEM_6/SW/Lab_8/accum_N_bits_assign/accum_N_bits_assign_on_board.v ;         ;
+----------------------------------+-----------------+------------------------+-------------------------------------------------------------------------+---------+


+------------------------------------------------------------------------------------------------------+
; Analysis & Synthesis Resource Usage Summary                                                          ;
+---------------------------------------------+--------------------------------------------------------+
; Resource                                    ; Usage                                                  ;
+---------------------------------------------+--------------------------------------------------------+
; Estimate of Logic utilization (ALMs needed) ; 19                                                     ;
;                                             ;                                                        ;
; Combinational ALUT usage for logic          ; 38                                                     ;
;     -- 7 input functions                    ; 0                                                      ;
;     -- 6 input functions                    ; 0                                                      ;
;     -- 5 input functions                    ; 0                                                      ;
;     -- 4 input functions                    ; 28                                                     ;
;     -- <=3 input functions                  ; 10                                                     ;
;                                             ;                                                        ;
; Dedicated logic registers                   ; 10                                                     ;
;                                             ;                                                        ;
; I/O pins                                    ; 48                                                     ;
;                                             ;                                                        ;
; Total DSP Blocks                            ; 0                                                      ;
;                                             ;                                                        ;
; Maximum fan-out node                        ; accum_N_bits_assign:accumulator|register_N_bits:r|Q[7] ;
; Maximum fan-out                             ; 10                                                     ;
; Total fan-out                               ; 255                                                    ;
; Average fan-out                             ; 1.77                                                   ;
+---------------------------------------------+--------------------------------------------------------+


+-------------------------------------------------------------------------------------------------------------------------------------------------------------------------------------------------------------------------------------------------------------------------------+
; Analysis & Synthesis Resource Utilization by Entity                                                                                                                                                                                                                           ;
+--------------------------------------+---------------------+---------------------------+-------------------+------------+------+--------------+---------------------------------------------------------------------------------+------------------------------+--------------+
; Compilation Hierarchy Node           ; Combinational ALUTs ; Dedicated Logic Registers ; Block Memory Bits ; DSP Blocks ; Pins ; Virtual Pins ; Full Hierarchy Name                                                             ; Entity Name                  ; Library Name ;
+--------------------------------------+---------------------+---------------------------+-------------------+------------+------+--------------+---------------------------------------------------------------------------------+------------------------------+--------------+
; |accum_N_bits_assign_on_board        ; 38 (0)              ; 10 (0)                    ; 0                 ; 0          ; 48   ; 0            ; |accum_N_bits_assign_on_board                                                   ; accum_N_bits_assign_on_board ; work         ;
;    |accum_N_bits_assign:accumulator| ; 10 (10)             ; 10 (2)                    ; 0                 ; 0          ; 0    ; 0            ; |accum_N_bits_assign_on_board|accum_N_bits_assign:accumulator                   ; accum_N_bits_assign          ; work         ;
;       |register_N_bits:r|            ; 0 (0)               ; 8 (8)                     ; 0                 ; 0          ; 0    ; 0            ; |accum_N_bits_assign_on_board|accum_N_bits_assign:accumulator|register_N_bits:r ; register_N_bits              ; work         ;
;    |decoder_hex_10:decoder_A0|       ; 7 (7)               ; 0 (0)                     ; 0                 ; 0          ; 0    ; 0            ; |accum_N_bits_assign_on_board|decoder_hex_10:decoder_A0                         ; decoder_hex_10               ; work         ;
;    |decoder_hex_10:decoder_A1|       ; 7 (7)               ; 0 (0)                     ; 0                 ; 0          ; 0    ; 0            ; |accum_N_bits_assign_on_board|decoder_hex_10:decoder_A1                         ; decoder_hex_10               ; work         ;
;    |decoder_hex_10:decoder_S0|       ; 7 (7)               ; 0 (0)                     ; 0                 ; 0          ; 0    ; 0            ; |accum_N_bits_assign_on_board|decoder_hex_10:decoder_S0                         ; decoder_hex_10               ; work         ;
;    |decoder_hex_10:decoder_S1|       ; 7 (7)               ; 0 (0)                     ; 0                 ; 0          ; 0    ; 0            ; |accum_N_bits_assign_on_board|decoder_hex_10:decoder_S1                         ; decoder_hex_10               ; work         ;
+--------------------------------------+---------------------+---------------------------+-------------------+------------+------+--------------+---------------------------------------------------------------------------------+------------------------------+--------------+
Note: For table entries with two numbers listed, the numbers in parentheses indicate the number of resources of the given type used by the specific entity alone. The numbers listed outside of parentheses indicate the total resources of the given type used by the specific entity and all of its sub-entities in the hierarchy.


+------------------------------------------------------+
; General Register Statistics                          ;
+----------------------------------------------+-------+
; Statistic                                    ; Value ;
+----------------------------------------------+-------+
; Total registers                              ; 10    ;
; Number of registers using Synchronous Clear  ; 0     ;
; Number of registers using Synchronous Load   ; 0     ;
; Number of registers using Asynchronous Clear ; 10    ;
; Number of registers using Asynchronous Load  ; 0     ;
; Number of registers using Clock Enable       ; 0     ;
; Number of registers using Preset             ; 0     ;
+----------------------------------------------+-------+


+------------------------------------------------------------------------------+
; Parameter Settings for User Entity Instance: accum_N_bits_assign:accumulator ;
+----------------+-------+-----------------------------------------------------+
; Parameter Name ; Value ; Type                                                ;
+----------------+-------+-----------------------------------------------------+
; N              ; 8     ; Signed Integer                                      ;
+----------------+-------+-----------------------------------------------------+
Note: In order to hide this table in the UI and the text report file, please set the "Show Parameter Settings in Synthesis Report" option in "Analysis and Synthesis Settings -> More Settings" to "Off".


+------------------------------------------------------------------------------------------------+
; Parameter Settings for User Entity Instance: accum_N_bits_assign:accumulator|register_N_bits:r ;
+----------------+-------+-----------------------------------------------------------------------+
; Parameter Name ; Value ; Type                                                                  ;
+----------------+-------+-----------------------------------------------------------------------+
; N              ; 8     ; Signed Integer                                                        ;
+----------------+-------+-----------------------------------------------------------------------+
Note: In order to hide this table in the UI and the text report file, please set the "Show Parameter Settings in Synthesis Report" option in "Analysis and Synthesis Settings -> More Settings" to "Off".


+-----------------------------------------------------+
; Post-Synthesis Netlist Statistics for Top Partition ;
+-----------------------+-----------------------------+
; Type                  ; Count                       ;
+-----------------------+-----------------------------+
; arriav_ff             ; 10                          ;
;     CLR               ; 10                          ;
; arriav_lcell_comb     ; 42                          ;
;     arith             ; 9                           ;
;         0 data inputs ; 1                           ;
;         2 data inputs ; 8                           ;
;     normal            ; 33                          ;
;         1 data inputs ; 4                           ;
;         3 data inputs ; 1                           ;
;         4 data inputs ; 28                          ;
; boundary_port         ; 48                          ;
;                       ;                             ;
; Max LUT depth         ; 2.70                        ;
; Average LUT depth     ; 1.64                        ;
+-----------------------+-----------------------------+


+-------------------------------+
; Elapsed Time Per Partition    ;
+----------------+--------------+
; Partition Name ; Elapsed Time ;
+----------------+--------------+
; Top            ; 00:00:00     ;
+----------------+--------------+


+-------------------------------+
; Analysis & Synthesis Messages ;
+-------------------------------+
Info: *******************************************************************
Info: Running Quartus Prime Analysis & Synthesis
    Info: Version 18.1.0 Build 625 09/12/2018 SJ Lite Edition
    Info: Processing started: Wed Apr 23 22:09:39 2025
Info: Command: quartus_map --read_settings_files=on --write_settings_files=off accum_N_bits_assign -c accum_N_bits_assign
Warning (18236): Number of processors has not been specified which may cause overloading on shared machines.  Set the global assignment NUM_PARALLEL_PROCESSORS in your QSF to an appropriate value for best performance.
Info (20030): Parallel compilation is enabled and will use 16 of the 16 processors detected
Info (12021): Found 1 design units, including 1 entities, in source file accum_n_bits_assign.v
    Info (12023): Found entity 1: accum_N_bits_assign File: E:/PB/SEM_6/SW/Lab_8/accum_N_bits_assign/accum_N_bits_assign.v Line: 1
Info (12021): Found 1 design units, including 1 entities, in source file register_n_bits.v
    Info (12023): Found entity 1: register_N_bits File: E:/PB/SEM_6/SW/Lab_8/accum_N_bits_assign/register_N_bits.v Line: 1
Info (12021): Found 1 design units, including 1 entities, in source file decoder_hex_10.v
    Info (12023): Found entity 1: decoder_hex_10 File: E:/PB/SEM_6/SW/Lab_8/accum_N_bits_assign/decoder_hex_10.v Line: 1
Info (12021): Found 1 design units, including 1 entities, in source file accum_n_bits_assign_on_board.v
    Info (12023): Found entity 1: accum_N_bits_assign_on_board File: E:/PB/SEM_6/SW/Lab_8/accum_N_bits_assign/accum_N_bits_assign_on_board.v Line: 1
Info (12127): Elaborating entity "accum_N_bits_assign_on_board" for the top level hierarchy
Info (12128): Elaborating entity "accum_N_bits_assign" for hierarchy "accum_N_bits_assign:accumulator" File: E:/PB/SEM_6/SW/Lab_8/accum_N_bits_assign/accum_N_bits_assign_on_board.v Line: 22
Info (12128): Elaborating entity "register_N_bits" for hierarchy "accum_N_bits_assign:accumulator|register_N_bits:r" File: E:/PB/SEM_6/SW/Lab_8/accum_N_bits_assign/accum_N_bits_assign.v Line: 12
Info (12128): Elaborating entity "decoder_hex_10" for hierarchy "decoder_hex_10:decoder_S0" File: E:/PB/SEM_6/SW/Lab_8/accum_N_bits_assign/accum_N_bits_assign_on_board.v Line: 32
Info (286030): Timing-Driven Synthesis is running
Info (16010): Generating hard_block partition "hard_block:auto_generated_inst"
    Info (16011): Adding 0 node(s), including 0 DDIO, 0 PLL, 0 transceiver and 0 LCELL
Info (21057): Implemented 87 device resources after synthesis - the final resource count might be different
    Info (21058): Implemented 10 input pins
    Info (21059): Implemented 38 output pins
    Info (21061): Implemented 39 logic cells
Info: Quartus Prime Analysis & Synthesis was successful. 0 errors, 1 warning
    Info: Peak virtual memory: 4867 megabytes
    Info: Processing ended: Wed Apr 23 22:09:45 2025
    Info: Elapsed time: 00:00:06
    Info: Total CPU time (on all processors): 00:00:13


