------------------------------------------------------------
Timing Analyzer Summary
------------------------------------------------------------

Type  : Slow 1100mV 85C Model Setup 'clk'
Slack : -0.210
TNS   : -0.627

Type  : Slow 1100mV 85C Model Hold 'clk'
Slack : 0.218
TNS   : 0.000

Type  : Slow 1100mV 85C Model Minimum Pulse Width 'clk'
Slack : -0.394
TNS   : -2.125

Type  : Slow 1100mV 0C Model Setup 'clk'
Slack : -0.238
TNS   : -0.739

Type  : Slow 1100mV 0C Model Hold 'clk'
Slack : 0.208
TNS   : 0.000

Type  : Slow 1100mV 0C Model Minimum Pulse Width 'clk'
Slack : -0.394
TNS   : -2.266

Type  : Fast 1100mV 85C Model Setup 'clk'
Slack : 0.300
TNS   : 0.000

Type  : Fast 1100mV 85C Model Hold 'clk'
Slack : 0.131
TNS   : 0.000

Type  : Fast 1100mV 85C Model Minimum Pulse Width 'clk'
Slack : -0.082
TNS   : -0.323

Type  : Fast 1100mV 0C Model Setup 'clk'
Slack : 0.327
TNS   : 0.000

Type  : Fast 1100mV 0C Model Hold 'clk'
Slack : 0.119
TNS   : 0.000

Type  : Fast 1100mV 0C Model Minimum Pulse Width 'clk'
Slack : -0.080
TNS   : -0.314

------------------------------------------------------------
