------------------------------------------------------------
Timing Analyzer Summary
------------------------------------------------------------

Type  : Slow 1100mV 85C Model Setup 'clk'
Slack : -0.825
TNS   : -5.277

Type  : Slow 1100mV 85C Model Hold 'clk'
Slack : 0.361
TNS   : 0.000

Type  : Slow 1100mV 85C Model Minimum Pulse Width 'clk'
Slack : -0.394
TNS   : -5.240

Type  : Slow 1100mV 0C Model Setup 'clk'
Slack : -0.854
TNS   : -5.438

Type  : Slow 1100mV 0C Model Hold 'clk'
Slack : 0.341
TNS   : 0.000

Type  : Slow 1100mV 0C Model Minimum Pulse Width 'clk'
Slack : -0.394
TNS   : -5.734

Type  : Fast 1100mV 85C Model Setup 'clk'
Slack : -0.070
TNS   : -0.247

Type  : Fast 1100mV 85C Model Hold 'clk'
Slack : 0.181
TNS   : 0.000

Type  : Fast 1100mV 85C Model Minimum Pulse Width 'clk'
Slack : -0.077
TNS   : -0.763

Type  : Fast 1100mV 0C Model Setup 'clk'
Slack : 0.022
TNS   : 0.000

Type  : Fast 1100mV 0C Model Hold 'clk'
Slack : 0.173
TNS   : 0.000

Type  : Fast 1100mV 0C Model Minimum Pulse Width 'clk'
Slack : -0.078
TNS   : -0.769

------------------------------------------------------------
