Analysis & Synthesis report for proc_1
Sat May 28 20:46:59 2022
Quartus Prime Version 18.1.0 Build 625 09/12/2018 SJ Lite Edition


---------------------
; Table of Contents ;
---------------------
  1. Legal Notice
  2. Analysis & Synthesis Summary
  3. Analysis & Synthesis Settings
  4. Parallel Compilation
  5. Analysis & Synthesis Source Files Read
  6. Analysis & Synthesis Resource Usage Summary
  7. Analysis & Synthesis Resource Utilization by Entity
  8. State Machine - |proc_1|Tstep_Q
  9. Registers Protected by Synthesis
 10. Registers Removed During Synthesis
 11. General Register Statistics
 12. Multiplexer Restructuring Statistics (Restructuring Performed)
 13. Source assignments for Top-level Entity: |proc_1
 14. Parameter Settings for User Entity Instance: regn:reg_0
 15. Parameter Settings for User Entity Instance: regn:reg_1
 16. Parameter Settings for User Entity Instance: regn:reg_2
 17. Parameter Settings for User Entity Instance: regn:reg_3
 18. Parameter Settings for User Entity Instance: regn:reg_4
 19. Parameter Settings for User Entity Instance: regn:reg_5
 20. Parameter Settings for User Entity Instance: regn:reg_6
 21. Parameter Settings for User Entity Instance: regn:reg_7
 22. Parameter Settings for User Entity Instance: regn:reg_A
 23. Parameter Settings for User Entity Instance: regn:reg_G
 24. Parameter Settings for User Entity Instance: regn:reg_IR
 25. Parameter Settings for User Entity Instance: ripple_carry_adder_subtractor:alu
 26. Port Connectivity Checks: "ripple_carry_adder_subtractor:alu|full_adder:ad[8].fa"
 27. Port Connectivity Checks: "dec3to8:decY"
 28. Port Connectivity Checks: "dec3to8:decX"
 29. Post-Synthesis Netlist Statistics for Top Partition
 30. Elapsed Time Per Partition
 31. Analysis & Synthesis Messages



----------------
; Legal Notice ;
----------------
Copyright (C) 2018  Intel Corporation. All rights reserved.
Your use of Intel Corporation's design tools, logic functions 
and other software and tools, and its AMPP partner logic 
functions, and any output files from any of the foregoing 
(including device programming or simulation files), and any 
associated documentation or information are expressly subject 
to the terms and conditions of the Intel Program License 
Subscription Agreement, the Intel Quartus Prime License Agreement,
the Intel FPGA IP License Agreement, or other applicable license
agreement, including, without limitation, that your use is for
the sole purpose of programming logic devices manufactured by
Intel and sold by Intel or its authorized distributors.  Please
refer to the applicable agreement for further details.



+-------------------------------------------------------------------------------+
; Analysis & Synthesis Summary                                                  ;
+---------------------------------+---------------------------------------------+
; Analysis & Synthesis Status     ; Successful - Sat May 28 20:46:59 2022       ;
; Quartus Prime Version           ; 18.1.0 Build 625 09/12/2018 SJ Lite Edition ;
; Revision Name                   ; proc_1                                      ;
; Top-level Entity Name           ; proc_1                                      ;
; Family                          ; Cyclone V                                   ;
; Logic utilization (in ALMs)     ; N/A                                         ;
; Total registers                 ; 103                                         ;
; Total pins                      ; 22                                          ;
; Total virtual pins              ; 0                                           ;
; Total block memory bits         ; 0                                           ;
; Total DSP Blocks                ; 0                                           ;
; Total HSSI RX PCSs              ; 0                                           ;
; Total HSSI PMA RX Deserializers ; 0                                           ;
; Total HSSI TX PCSs              ; 0                                           ;
; Total HSSI PMA TX Serializers   ; 0                                           ;
; Total PLLs                      ; 0                                           ;
; Total DLLs                      ; 0                                           ;
+---------------------------------+---------------------------------------------+


+---------------------------------------------------------------------------------------------------------------------------+
; Analysis & Synthesis Settings                                                                                             ;
+---------------------------------------------------------------------------------+--------------------+--------------------+
; Option                                                                          ; Setting            ; Default Value      ;
+---------------------------------------------------------------------------------+--------------------+--------------------+
; Device                                                                          ; 5CSEMA5F31C6       ;                    ;
; Top-level entity name                                                           ; proc_1             ; proc_1             ;
; Family name                                                                     ; Cyclone V          ; Cyclone V          ;
; Use smart compilation                                                           ; Off                ; Off                ;
; Enable parallel Assembler and Timing Analyzer during compilation                ; On                 ; On                 ;
; Enable compact report table                                                     ; Off                ; Off                ;
; Restructure Multiplexers                                                        ; Auto               ; Auto               ;
; MLAB Add Timing Constraints For Mixed-Port Feed-Through Mode Setting Don't Care ; Off                ; Off                ;
; Create Debugging Nodes for IP Cores                                             ; Off                ; Off                ;
; Preserve fewer node names                                                       ; On                 ; On                 ;
; Intel FPGA IP Evaluation Mode                                                   ; Enable             ; Enable             ;
; Verilog Version                                                                 ; Verilog_2001       ; Verilog_2001       ;
; VHDL Version                                                                    ; VHDL_1993          ; VHDL_1993          ;
; State Machine Processing                                                        ; Auto               ; Auto               ;
; Safe State Machine                                                              ; Off                ; Off                ;
; Extract Verilog State Machines                                                  ; On                 ; On                 ;
; Extract VHDL State Machines                                                     ; On                 ; On                 ;
; Ignore Verilog initial constructs                                               ; Off                ; Off                ;
; Iteration limit for constant Verilog loops                                      ; 5000               ; 5000               ;
; Iteration limit for non-constant Verilog loops                                  ; 250                ; 250                ;
; Add Pass-Through Logic to Inferred RAMs                                         ; On                 ; On                 ;
; Infer RAMs from Raw Logic                                                       ; On                 ; On                 ;
; Parallel Synthesis                                                              ; On                 ; On                 ;
; DSP Block Balancing                                                             ; Auto               ; Auto               ;
; NOT Gate Push-Back                                                              ; On                 ; On                 ;
; Power-Up Don't Care                                                             ; On                 ; On                 ;
; Remove Redundant Logic Cells                                                    ; Off                ; Off                ;
; Remove Duplicate Registers                                                      ; On                 ; On                 ;
; Ignore CARRY Buffers                                                            ; Off                ; Off                ;
; Ignore CASCADE Buffers                                                          ; Off                ; Off                ;
; Ignore GLOBAL Buffers                                                           ; Off                ; Off                ;
; Ignore ROW GLOBAL Buffers                                                       ; Off                ; Off                ;
; Ignore LCELL Buffers                                                            ; Off                ; Off                ;
; Ignore SOFT Buffers                                                             ; On                 ; On                 ;
; Limit AHDL Integers to 32 Bits                                                  ; Off                ; Off                ;
; Optimization Technique                                                          ; Balanced           ; Balanced           ;
; Carry Chain Length                                                              ; 70                 ; 70                 ;
; Auto Carry Chains                                                               ; On                 ; On                 ;
; Auto Open-Drain Pins                                                            ; On                 ; On                 ;
; Perform WYSIWYG Primitive Resynthesis                                           ; Off                ; Off                ;
; Auto ROM Replacement                                                            ; On                 ; On                 ;
; Auto RAM Replacement                                                            ; On                 ; On                 ;
; Auto DSP Block Replacement                                                      ; On                 ; On                 ;
; Auto Shift Register Replacement                                                 ; Auto               ; Auto               ;
; Allow Shift Register Merging across Hierarchies                                 ; Auto               ; Auto               ;
; Auto Clock Enable Replacement                                                   ; On                 ; On                 ;
; Strict RAM Replacement                                                          ; Off                ; Off                ;
; Allow Synchronous Control Signals                                               ; On                 ; On                 ;
; Force Use of Synchronous Clear Signals                                          ; Off                ; Off                ;
; Auto Resource Sharing                                                           ; Off                ; Off                ;
; Allow Any RAM Size For Recognition                                              ; Off                ; Off                ;
; Allow Any ROM Size For Recognition                                              ; Off                ; Off                ;
; Allow Any Shift Register Size For Recognition                                   ; Off                ; Off                ;
; Use LogicLock Constraints during Resource Balancing                             ; On                 ; On                 ;
; Ignore translate_off and synthesis_off directives                               ; Off                ; Off                ;
; Timing-Driven Synthesis                                                         ; On                 ; On                 ;
; Report Parameter Settings                                                       ; On                 ; On                 ;
; Report Source Assignments                                                       ; On                 ; On                 ;
; Report Connectivity Checks                                                      ; On                 ; On                 ;
; Ignore Maximum Fan-Out Assignments                                              ; Off                ; Off                ;
; Synchronization Register Chain Length                                           ; 3                  ; 3                  ;
; Power Optimization During Synthesis                                             ; Normal compilation ; Normal compilation ;
; HDL message level                                                               ; Level2             ; Level2             ;
; Suppress Register Optimization Related Messages                                 ; Off                ; Off                ;
; Number of Removed Registers Reported in Synthesis Report                        ; 5000               ; 5000               ;
; Number of Swept Nodes Reported in Synthesis Report                              ; 5000               ; 5000               ;
; Number of Inverted Registers Reported in Synthesis Report                       ; 100                ; 100                ;
; Clock MUX Protection                                                            ; On                 ; On                 ;
; Auto Gated Clock Conversion                                                     ; Off                ; Off                ;
; Block Design Naming                                                             ; Auto               ; Auto               ;
; SDC constraint protection                                                       ; Off                ; Off                ;
; Synthesis Effort                                                                ; Auto               ; Auto               ;
; Shift Register Replacement - Allow Asynchronous Clear Signal                    ; On                 ; On                 ;
; Pre-Mapping Resynthesis Optimization                                            ; Off                ; Off                ;
; Analysis & Synthesis Message Level                                              ; Medium             ; Medium             ;
; Disable Register Merging Across Hierarchies                                     ; Auto               ; Auto               ;
; Resource Aware Inference For Block RAM                                          ; On                 ; On                 ;
; Automatic Parallel Synthesis                                                    ; On                 ; On                 ;
; Partial Reconfiguration Bitstream ID                                            ; Off                ; Off                ;
+---------------------------------------------------------------------------------+--------------------+--------------------+


+------------------------------------------+
; Parallel Compilation                     ;
+----------------------------+-------------+
; Processors                 ; Number      ;
+----------------------------+-------------+
; Number detected on machine ; 8           ;
; Maximum allowed            ; 4           ;
;                            ;             ;
; Average used               ; 1.00        ;
; Maximum used               ; 4           ;
;                            ;             ;
; Usage by Processor         ; % Time Used ;
;     Processor 1            ; 100.0%      ;
;     Processors 2-4         ;   0.0%      ;
+----------------------------+-------------+


+--------------------------------------------------------------------------------------------------------------------------------------------------+
; Analysis & Synthesis Source Files Read                                                                                                           ;
+----------------------------------+-----------------+------------------------+----------------------------------------------------------+---------+
; File Name with User-Entered Path ; Used in Netlist ; File Type              ; File Name with Absolute Path                             ; Library ;
+----------------------------------+-----------------+------------------------+----------------------------------------------------------+---------+
; proc_1.v                         ; yes             ; User Verilog HDL File  ; D:/Storage/temp/semestr_6/sw/11/projekty/proc_1/proc_1.v ;         ;
+----------------------------------+-----------------+------------------------+----------------------------------------------------------+---------+


+-----------------------------------------------------------+
; Analysis & Synthesis Resource Usage Summary               ;
+---------------------------------------------+-------------+
; Resource                                    ; Usage       ;
+---------------------------------------------+-------------+
; Estimate of Logic utilization (ALMs needed) ; 100         ;
;                                             ;             ;
; Combinational ALUT usage for logic          ; 131         ;
;     -- 7 input functions                    ; 0           ;
;     -- 6 input functions                    ; 59          ;
;     -- 5 input functions                    ; 29          ;
;     -- 4 input functions                    ; 26          ;
;     -- <=3 input functions                  ; 17          ;
;                                             ;             ;
; Dedicated logic registers                   ; 103         ;
;                                             ;             ;
; I/O pins                                    ; 22          ;
;                                             ;             ;
; Total DSP Blocks                            ; 0           ;
;                                             ;             ;
; Maximum fan-out node                        ; Clock~input ;
; Maximum fan-out                             ; 103         ;
; Total fan-out                               ; 984         ;
; Average fan-out                             ; 3.54        ;
+---------------------------------------------+-------------+


+----------------------------------------------------------------------------------------------------------------------------------------------------------------------------------------------------------------------------------------------------------------+
; Analysis & Synthesis Resource Utilization by Entity                                                                                                                                                                                                            ;
+----------------------------------------+---------------------+---------------------------+-------------------+------------+------+--------------+---------------------------------------------------------------+-------------------------------+--------------+
; Compilation Hierarchy Node             ; Combinational ALUTs ; Dedicated Logic Registers ; Block Memory Bits ; DSP Blocks ; Pins ; Virtual Pins ; Full Hierarchy Name                                           ; Entity Name                   ; Library Name ;
+----------------------------------------+---------------------+---------------------------+-------------------+------------+------+--------------+---------------------------------------------------------------+-------------------------------+--------------+
; |proc_1                                ; 131 (105)           ; 103 (4)                   ; 0                 ; 0          ; 22   ; 0            ; |proc_1                                                       ; proc_1                        ; work         ;
;    |regn:reg_0|                        ; 0 (0)               ; 9 (9)                     ; 0                 ; 0          ; 0    ; 0            ; |proc_1|regn:reg_0                                            ; regn                          ; work         ;
;    |regn:reg_1|                        ; 0 (0)               ; 9 (9)                     ; 0                 ; 0          ; 0    ; 0            ; |proc_1|regn:reg_1                                            ; regn                          ; work         ;
;    |regn:reg_2|                        ; 0 (0)               ; 9 (9)                     ; 0                 ; 0          ; 0    ; 0            ; |proc_1|regn:reg_2                                            ; regn                          ; work         ;
;    |regn:reg_3|                        ; 0 (0)               ; 9 (9)                     ; 0                 ; 0          ; 0    ; 0            ; |proc_1|regn:reg_3                                            ; regn                          ; work         ;
;    |regn:reg_4|                        ; 0 (0)               ; 9 (9)                     ; 0                 ; 0          ; 0    ; 0            ; |proc_1|regn:reg_4                                            ; regn                          ; work         ;
;    |regn:reg_5|                        ; 0 (0)               ; 9 (9)                     ; 0                 ; 0          ; 0    ; 0            ; |proc_1|regn:reg_5                                            ; regn                          ; work         ;
;    |regn:reg_6|                        ; 0 (0)               ; 9 (9)                     ; 0                 ; 0          ; 0    ; 0            ; |proc_1|regn:reg_6                                            ; regn                          ; work         ;
;    |regn:reg_7|                        ; 0 (0)               ; 9 (9)                     ; 0                 ; 0          ; 0    ; 0            ; |proc_1|regn:reg_7                                            ; regn                          ; work         ;
;    |regn:reg_A|                        ; 0 (0)               ; 9 (9)                     ; 0                 ; 0          ; 0    ; 0            ; |proc_1|regn:reg_A                                            ; regn                          ; work         ;
;    |regn:reg_G|                        ; 0 (0)               ; 9 (9)                     ; 0                 ; 0          ; 0    ; 0            ; |proc_1|regn:reg_G                                            ; regn                          ; work         ;
;    |regn:reg_IR|                       ; 0 (0)               ; 9 (9)                     ; 0                 ; 0          ; 0    ; 0            ; |proc_1|regn:reg_IR                                           ; regn                          ; work         ;
;    |ripple_carry_adder_subtractor:alu| ; 26 (7)              ; 0 (0)                     ; 0                 ; 0          ; 0    ; 0            ; |proc_1|ripple_carry_adder_subtractor:alu                     ; ripple_carry_adder_subtractor ; work         ;
;       |full_adder:ad[0].fa|            ; 2 (2)               ; 0 (0)                     ; 0                 ; 0          ; 0    ; 0            ; |proc_1|ripple_carry_adder_subtractor:alu|full_adder:ad[0].fa ; full_adder                    ; work         ;
;       |full_adder:ad[1].fa|            ; 2 (2)               ; 0 (0)                     ; 0                 ; 0          ; 0    ; 0            ; |proc_1|ripple_carry_adder_subtractor:alu|full_adder:ad[1].fa ; full_adder                    ; work         ;
;       |full_adder:ad[2].fa|            ; 1 (1)               ; 0 (0)                     ; 0                 ; 0          ; 0    ; 0            ; |proc_1|ripple_carry_adder_subtractor:alu|full_adder:ad[2].fa ; full_adder                    ; work         ;
;       |full_adder:ad[3].fa|            ; 5 (5)               ; 0 (0)                     ; 0                 ; 0          ; 0    ; 0            ; |proc_1|ripple_carry_adder_subtractor:alu|full_adder:ad[3].fa ; full_adder                    ; work         ;
;       |full_adder:ad[4].fa|            ; 2 (2)               ; 0 (0)                     ; 0                 ; 0          ; 0    ; 0            ; |proc_1|ripple_carry_adder_subtractor:alu|full_adder:ad[4].fa ; full_adder                    ; work         ;
;       |full_adder:ad[5].fa|            ; 2 (2)               ; 0 (0)                     ; 0                 ; 0          ; 0    ; 0            ; |proc_1|ripple_carry_adder_subtractor:alu|full_adder:ad[5].fa ; full_adder                    ; work         ;
;       |full_adder:ad[6].fa|            ; 2 (2)               ; 0 (0)                     ; 0                 ; 0          ; 0    ; 0            ; |proc_1|ripple_carry_adder_subtractor:alu|full_adder:ad[6].fa ; full_adder                    ; work         ;
;       |full_adder:ad[7].fa|            ; 1 (1)               ; 0 (0)                     ; 0                 ; 0          ; 0    ; 0            ; |proc_1|ripple_carry_adder_subtractor:alu|full_adder:ad[7].fa ; full_adder                    ; work         ;
;       |full_adder:ad[8].fa|            ; 2 (2)               ; 0 (0)                     ; 0                 ; 0          ; 0    ; 0            ; |proc_1|ripple_carry_adder_subtractor:alu|full_adder:ad[8].fa ; full_adder                    ; work         ;
+----------------------------------------+---------------------+---------------------------+-------------------+------------+------+--------------+---------------------------------------------------------------+-------------------------------+--------------+
Note: For table entries with two numbers listed, the numbers in parentheses indicate the number of resources of the given type used by the specific entity alone. The numbers listed outside of parentheses indicate the total resources of the given type used by the specific entity and all of its sub-entities in the hierarchy.


Encoding Type:  One-Hot
+----------------------------------------------------------------+
; State Machine - |proc_1|Tstep_Q                                ;
+------------+------------+------------+------------+------------+
; Name       ; Tstep_Q.T3 ; Tstep_Q.T2 ; Tstep_Q.T1 ; Tstep_Q.T0 ;
+------------+------------+------------+------------+------------+
; Tstep_Q.T0 ; 0          ; 0          ; 0          ; 0          ;
; Tstep_Q.T1 ; 0          ; 0          ; 1          ; 1          ;
; Tstep_Q.T2 ; 0          ; 1          ; 0          ; 1          ;
; Tstep_Q.T3 ; 1          ; 0          ; 0          ; 1          ;
+------------+------------+------------+------------+------------+


+----------------------------------------------------------------------------------------------------------------------------------------------------------+
; Registers Protected by Synthesis                                                                                                                         ;
+------------------------------------------+------------------------------------------------------------------+--------------------------------------------+
; Register Name                            ; Protected by Synthesis Attribute or Preserve Register Assignment ; Not to be Touched by Netlist Optimizations ;
+------------------------------------------+------------------------------------------------------------------+--------------------------------------------+
; Tstep_Q.T1                               ; yes                                                              ; yes                                        ;
; Tstep_Q.T3                               ; yes                                                              ; yes                                        ;
; Tstep_Q.T2                               ; yes                                                              ; yes                                        ;
; Tstep_Q.T0                               ; yes                                                              ; yes                                        ;
; Total number of protected registers is 4 ;                                                                  ;                                            ;
+------------------------------------------+------------------------------------------------------------------+--------------------------------------------+


+------------------------------------------------------------+
; Registers Removed During Synthesis                         ;
+---------------------------------------+--------------------+
; Register name                         ; Reason for Removal ;
+---------------------------------------+--------------------+
; Tstep_Q~4                             ; Lost fanout        ;
; Tstep_Q~5                             ; Lost fanout        ;
; Total Number of Removed Registers = 2 ;                    ;
+---------------------------------------+--------------------+


+------------------------------------------------------+
; General Register Statistics                          ;
+----------------------------------------------+-------+
; Statistic                                    ; Value ;
+----------------------------------------------+-------+
; Total registers                              ; 103   ;
; Number of registers using Synchronous Clear  ; 0     ;
; Number of registers using Synchronous Load   ; 0     ;
; Number of registers using Asynchronous Clear ; 4     ;
; Number of registers using Asynchronous Load  ; 0     ;
; Number of registers using Clock Enable       ; 99    ;
; Number of registers using Preset             ; 0     ;
+----------------------------------------------+-------+


+------------------------------------------------------------------------------------------------------------------------------------------+
; Multiplexer Restructuring Statistics (Restructuring Performed)                                                                           ;
+--------------------+-----------+---------------+----------------------+------------------------+------------+----------------------------+
; Multiplexer Inputs ; Bus Width ; Baseline Area ; Area if Restructured ; Saving if Restructured ; Registered ; Example Multiplexer Output ;
+--------------------+-----------+---------------+----------------------+------------------------+------------+----------------------------+
; 8:1                ; 8 bits    ; 40 LEs        ; 16 LEs               ; 24 LEs                 ; No         ; |proc_1|Mux0               ;
; 10:1               ; 9 bits    ; 54 LEs        ; 54 LEs               ; 0 LEs                  ; No         ; |proc_1|Selector25         ;
+--------------------+-----------+---------------+----------------------+------------------------+------------+----------------------------+


+--------------------------------------------------+
; Source assignments for Top-level Entity: |proc_1 ;
+-------------------+-------+------+---------------+
; Assignment        ; Value ; From ; To            ;
+-------------------+-------+------+---------------+
; PRESERVE_REGISTER ; on    ; -    ; Tstep_Q.T0    ;
; PRESERVE_REGISTER ; on    ; -    ; Tstep_Q.T1    ;
; PRESERVE_REGISTER ; on    ; -    ; Tstep_Q.T2    ;
; PRESERVE_REGISTER ; on    ; -    ; Tstep_Q.T3    ;
+-------------------+-------+------+---------------+


+---------------------------------------------------------+
; Parameter Settings for User Entity Instance: regn:reg_0 ;
+----------------+-------+--------------------------------+
; Parameter Name ; Value ; Type                           ;
+----------------+-------+--------------------------------+
; N              ; 9     ; Signed Integer                 ;
+----------------+-------+--------------------------------+
Note: In order to hide this table in the UI and the text report file, please set the "Show Parameter Settings in Synthesis Report" option in "Analysis and Synthesis Settings -> More Settings" to "Off".


+---------------------------------------------------------+
; Parameter Settings for User Entity Instance: regn:reg_1 ;
+----------------+-------+--------------------------------+
; Parameter Name ; Value ; Type                           ;
+----------------+-------+--------------------------------+
; N              ; 9     ; Signed Integer                 ;
+----------------+-------+--------------------------------+
Note: In order to hide this table in the UI and the text report file, please set the "Show Parameter Settings in Synthesis Report" option in "Analysis and Synthesis Settings -> More Settings" to "Off".


+---------------------------------------------------------+
; Parameter Settings for User Entity Instance: regn:reg_2 ;
+----------------+-------+--------------------------------+
; Parameter Name ; Value ; Type                           ;
+----------------+-------+--------------------------------+
; N              ; 9     ; Signed Integer                 ;
+----------------+-------+--------------------------------+
Note: In order to hide this table in the UI and the text report file, please set the "Show Parameter Settings in Synthesis Report" option in "Analysis and Synthesis Settings -> More Settings" to "Off".


+---------------------------------------------------------+
; Parameter Settings for User Entity Instance: regn:reg_3 ;
+----------------+-------+--------------------------------+
; Parameter Name ; Value ; Type                           ;
+----------------+-------+--------------------------------+
; N              ; 9     ; Signed Integer                 ;
+----------------+-------+--------------------------------+
Note: In order to hide this table in the UI and the text report file, please set the "Show Parameter Settings in Synthesis Report" option in "Analysis and Synthesis Settings -> More Settings" to "Off".


+---------------------------------------------------------+
; Parameter Settings for User Entity Instance: regn:reg_4 ;
+----------------+-------+--------------------------------+
; Parameter Name ; Value ; Type                           ;
+----------------+-------+--------------------------------+
; N              ; 9     ; Signed Integer                 ;
+----------------+-------+--------------------------------+
Note: In order to hide this table in the UI and the text report file, please set the "Show Parameter Settings in Synthesis Report" option in "Analysis and Synthesis Settings -> More Settings" to "Off".


+---------------------------------------------------------+
; Parameter Settings for User Entity Instance: regn:reg_5 ;
+----------------+-------+--------------------------------+
; Parameter Name ; Value ; Type                           ;
+----------------+-------+--------------------------------+
; N              ; 9     ; Signed Integer                 ;
+----------------+-------+--------------------------------+
Note: In order to hide this table in the UI and the text report file, please set the "Show Parameter Settings in Synthesis Report" option in "Analysis and Synthesis Settings -> More Settings" to "Off".


+---------------------------------------------------------+
; Parameter Settings for User Entity Instance: regn:reg_6 ;
+----------------+-------+--------------------------------+
; Parameter Name ; Value ; Type                           ;
+----------------+-------+--------------------------------+
; N              ; 9     ; Signed Integer                 ;
+----------------+-------+--------------------------------+
Note: In order to hide this table in the UI and the text report file, please set the "Show Parameter Settings in Synthesis Report" option in "Analysis and Synthesis Settings -> More Settings" to "Off".


+---------------------------------------------------------+
; Parameter Settings for User Entity Instance: regn:reg_7 ;
+----------------+-------+--------------------------------+
; Parameter Name ; Value ; Type                           ;
+----------------+-------+--------------------------------+
; N              ; 9     ; Signed Integer                 ;
+----------------+-------+--------------------------------+
Note: In order to hide this table in the UI and the text report file, please set the "Show Parameter Settings in Synthesis Report" option in "Analysis and Synthesis Settings -> More Settings" to "Off".


+---------------------------------------------------------+
; Parameter Settings for User Entity Instance: regn:reg_A ;
+----------------+-------+--------------------------------+
; Parameter Name ; Value ; Type                           ;
+----------------+-------+--------------------------------+
; N              ; 9     ; Signed Integer                 ;
+----------------+-------+--------------------------------+
Note: In order to hide this table in the UI and the text report file, please set the "Show Parameter Settings in Synthesis Report" option in "Analysis and Synthesis Settings -> More Settings" to "Off".


+---------------------------------------------------------+
; Parameter Settings for User Entity Instance: regn:reg_G ;
+----------------+-------+--------------------------------+
; Parameter Name ; Value ; Type                           ;
+----------------+-------+--------------------------------+
; N              ; 9     ; Signed Integer                 ;
+----------------+-------+--------------------------------+
Note: In order to hide this table in the UI and the text report file, please set the "Show Parameter Settings in Synthesis Report" option in "Analysis and Synthesis Settings -> More Settings" to "Off".


+----------------------------------------------------------+
; Parameter Settings for User Entity Instance: regn:reg_IR ;
+----------------+-------+---------------------------------+
; Parameter Name ; Value ; Type                            ;
+----------------+-------+---------------------------------+
; N              ; 9     ; Signed Integer                  ;
+----------------+-------+---------------------------------+
Note: In order to hide this table in the UI and the text report file, please set the "Show Parameter Settings in Synthesis Report" option in "Analysis and Synthesis Settings -> More Settings" to "Off".


+--------------------------------------------------------------------------------+
; Parameter Settings for User Entity Instance: ripple_carry_adder_subtractor:alu ;
+----------------+-------+-------------------------------------------------------+
; Parameter Name ; Value ; Type                                                  ;
+----------------+-------+-------------------------------------------------------+
; N              ; 9     ; Signed Integer                                        ;
+----------------+-------+-------------------------------------------------------+
Note: In order to hide this table in the UI and the text report file, please set the "Show Parameter Settings in Synthesis Report" option in "Analysis and Synthesis Settings -> More Settings" to "Off".


+-------------------------------------------------------------------------------------------------------------------------------------+
; Port Connectivity Checks: "ripple_carry_adder_subtractor:alu|full_adder:ad[8].fa"                                                   ;
+------+--------+----------+----------------------------------------------------------------------------------------------------------+
; Port ; Type   ; Severity ; Details                                                                                                  ;
+------+--------+----------+----------------------------------------------------------------------------------------------------------+
; cout ; Output ; Warning  ; Declared by entity but not connected by instance. Logic that only feeds a dangling port will be removed. ;
+------+--------+----------+----------------------------------------------------------------------------------------------------------+


+------------------------------------------+
; Port Connectivity Checks: "dec3to8:decY" ;
+------+-------+----------+----------------+
; Port ; Type  ; Severity ; Details        ;
+------+-------+----------+----------------+
; En   ; Input ; Info     ; Stuck at VCC   ;
+------+-------+----------+----------------+


+------------------------------------------+
; Port Connectivity Checks: "dec3to8:decX" ;
+------+-------+----------+----------------+
; Port ; Type  ; Severity ; Details        ;
+------+-------+----------+----------------+
; En   ; Input ; Info     ; Stuck at VCC   ;
+------+-------+----------+----------------+


+-----------------------------------------------------+
; Post-Synthesis Netlist Statistics for Top Partition ;
+-----------------------+-----------------------------+
; Type                  ; Count                       ;
+-----------------------+-----------------------------+
; arriav_ff             ; 103                         ;
;     CLR               ; 4                           ;
;     ENA               ; 99                          ;
; arriav_lcell_comb     ; 132                         ;
;     normal            ; 132                         ;
;         1 data inputs ; 1                           ;
;         2 data inputs ; 11                          ;
;         3 data inputs ; 6                           ;
;         4 data inputs ; 26                          ;
;         5 data inputs ; 29                          ;
;         6 data inputs ; 59                          ;
; boundary_port         ; 22                          ;
;                       ;                             ;
; Max LUT depth         ; 9.00                        ;
; Average LUT depth     ; 6.13                        ;
+-----------------------+-----------------------------+


+-------------------------------+
; Elapsed Time Per Partition    ;
+----------------+--------------+
; Partition Name ; Elapsed Time ;
+----------------+--------------+
; Top            ; 00:00:01     ;
+----------------+--------------+


+-------------------------------+
; Analysis & Synthesis Messages ;
+-------------------------------+
Info: *******************************************************************
Info: Running Quartus Prime Analysis & Synthesis
    Info: Version 18.1.0 Build 625 09/12/2018 SJ Lite Edition
    Info: Processing started: Sat May 28 20:46:42 2022
Info: Command: quartus_map --read_settings_files=on --write_settings_files=off proc_1 -c proc_1
Warning (18236): Number of processors has not been specified which may cause overloading on shared machines.  Set the global assignment NUM_PARALLEL_PROCESSORS in your QSF to an appropriate value for best performance.
Info (20030): Parallel compilation is enabled and will use 4 of the 4 processors detected
Warning (10275): Verilog HDL Module Instantiation warning at proc_1.v(195): ignored dangling comma in List of Port Connections File: D:/Storage/temp/semestr_6/sw/11/projekty/proc_1/proc_1.v Line: 195
Info (12021): Found 5 design units, including 5 entities, in source file proc_1.v
    Info (12023): Found entity 1: proc_1 File: D:/Storage/temp/semestr_6/sw/11/projekty/proc_1/proc_1.v Line: 10
    Info (12023): Found entity 2: regn File: D:/Storage/temp/semestr_6/sw/11/projekty/proc_1/proc_1.v Line: 146
    Info (12023): Found entity 3: dec3to8 File: D:/Storage/temp/semestr_6/sw/11/projekty/proc_1/proc_1.v Line: 157
    Info (12023): Found entity 4: ripple_carry_adder_subtractor File: D:/Storage/temp/semestr_6/sw/11/projekty/proc_1/proc_1.v Line: 179
    Info (12023): Found entity 5: full_adder File: D:/Storage/temp/semestr_6/sw/11/projekty/proc_1/proc_1.v Line: 203
Info (12127): Elaborating entity "proc_1" for the top level hierarchy
Warning (10270): Verilog HDL Case Statement warning at proc_1.v(65): incomplete case statement has no default case item File: D:/Storage/temp/semestr_6/sw/11/projekty/proc_1/proc_1.v Line: 65
Warning (10270): Verilog HDL Case Statement warning at proc_1.v(82): incomplete case statement has no default case item File: D:/Storage/temp/semestr_6/sw/11/projekty/proc_1/proc_1.v Line: 82
Warning (10270): Verilog HDL Case Statement warning at proc_1.v(95): incomplete case statement has no default case item File: D:/Storage/temp/semestr_6/sw/11/projekty/proc_1/proc_1.v Line: 95
Info (10264): Verilog HDL Case Statement information at proc_1.v(131): all case item expressions in this case statement are onehot File: D:/Storage/temp/semestr_6/sw/11/projekty/proc_1/proc_1.v Line: 131
Info (12128): Elaborating entity "dec3to8" for hierarchy "dec3to8:decX" File: D:/Storage/temp/semestr_6/sw/11/projekty/proc_1/proc_1.v Line: 32
Info (12128): Elaborating entity "regn" for hierarchy "regn:reg_0" File: D:/Storage/temp/semestr_6/sw/11/projekty/proc_1/proc_1.v Line: 112
Info (12128): Elaborating entity "ripple_carry_adder_subtractor" for hierarchy "ripple_carry_adder_subtractor:alu" File: D:/Storage/temp/semestr_6/sw/11/projekty/proc_1/proc_1.v Line: 125
Info (12128): Elaborating entity "full_adder" for hierarchy "ripple_carry_adder_subtractor:alu|full_adder:ad[0].fa" File: D:/Storage/temp/semestr_6/sw/11/projekty/proc_1/proc_1.v Line: 194
Warning (12241): 1 hierarchies have connectivity warnings - see the Connectivity Checks report folder
Info (286030): Timing-Driven Synthesis is running
Info (17049): 2 registers lost all their fanouts during netlist optimizations.
Info (16010): Generating hard_block partition "hard_block:auto_generated_inst"
    Info (16011): Adding 0 node(s), including 0 DDIO, 0 PLL, 0 transceiver and 0 LCELL
Info (21057): Implemented 244 device resources after synthesis - the final resource count might be different
    Info (21058): Implemented 12 input pins
    Info (21059): Implemented 10 output pins
    Info (21061): Implemented 222 logic cells
Info: Quartus Prime Analysis & Synthesis was successful. 0 errors, 6 warnings
    Info: Peak virtual memory: 4824 megabytes
    Info: Processing ended: Sat May 28 20:46:59 2022
    Info: Elapsed time: 00:00:17
    Info: Total CPU time (on all processors): 00:00:39


