Flow report for reg_N_bits_with_areset
Wed Mar 26 19:12:39 2025
Quartus Prime Version 18.1.0 Build 625 09/12/2018 SJ Lite Edition


---------------------
; Table of Contents ;
---------------------
  1. Legal Notice
  2. Flow Summary
  3. Flow Settings
  4. Flow Non-Default Global Settings
  5. Flow Elapsed Time
  6. Flow OS Summary
  7. Flow Log
  8. Flow Messages
  9. Flow Suppressed Messages



----------------
; Legal Notice ;
----------------
Copyright (C) 2018  Intel Corporation. All rights reserved.
Your use of Intel Corporation's design tools, logic functions 
and other software and tools, and its AMPP partner logic 
functions, and any output files from any of the foregoing 
(including device programming or simulation files), and any 
associated documentation or information are expressly subject 
to the terms and conditions of the Intel Program License 
Subscription Agreement, the Intel Quartus Prime License Agreement,
the Intel FPGA IP License Agreement, or other applicable license
agreement, including, without limitation, that your use is for
the sole purpose of programming logic devices manufactured by
Intel and sold by Intel or its authorized distributors.  Please
refer to the applicable agreement for further details.



+-------------------------------------------------------------------------------+
; Flow Summary                                                                  ;
+---------------------------------+---------------------------------------------+
; Flow Status                     ; Successful - Wed Mar 26 19:12:39 2025       ;
; Quartus Prime Version           ; 18.1.0 Build 625 09/12/2018 SJ Lite Edition ;
; Revision Name                   ; reg_N_bits_with_areset                      ;
; Top-level Entity Name           ; adder_A_B_8_bits                            ;
; Family                          ; Cyclone V                                   ;
; Device                          ; 5CSEMA5F31C6                                ;
; Timing Models                   ; Final                                       ;
; Logic utilization (in ALMs)     ; 5 / 32,070 ( < 1 % )                        ;
; Total registers                 ; 8                                           ;
; Total pins                      ; 27 / 457 ( 6 % )                            ;
; Total virtual pins              ; 0                                           ;
; Total block memory bits         ; 0 / 4,065,280 ( 0 % )                       ;
; Total DSP Blocks                ; 0 / 87 ( 0 % )                              ;
; Total HSSI RX PCSs              ; 0                                           ;
; Total HSSI PMA RX Deserializers ; 0                                           ;
; Total HSSI TX PCSs              ; 0                                           ;
; Total HSSI PMA TX Serializers   ; 0                                           ;
; Total PLLs                      ; 0 / 6 ( 0 % )                               ;
; Total DLLs                      ; 0 / 4 ( 0 % )                               ;
+---------------------------------+---------------------------------------------+


+--------------------------------------------+
; Flow Settings                              ;
+-------------------+------------------------+
; Option            ; Setting                ;
+-------------------+------------------------+
; Start date & time ; 03/26/2025 18:57:37    ;
; Main task         ; Compilation            ;
; Revision Name     ; reg_N_bits_with_areset ;
+-------------------+------------------------+


+---------------------------------------------------------------------------------------------------------------------------------------+
; Flow Non-Default Global Settings                                                                                                      ;
+-------------------------------------+----------------------------------------+------------------------+------------------+------------+
; Assignment Name                     ; Value                                  ; Default Value          ; Entity Name      ; Section Id ;
+-------------------------------------+----------------------------------------+------------------------+------------------+------------+
; COMPILER_SIGNATURE_ID               ; 18691169134534.174301185617864         ; --                     ; --               ; --         ;
; MAX_CORE_JUNCTION_TEMP              ; 85                                     ; --                     ; --               ; --         ;
; MIN_CORE_JUNCTION_TEMP              ; 0                                      ; --                     ; --               ; --         ;
; PARTITION_COLOR                     ; -- (Not supported for targeted family) ; --                     ; adder_A_B_8_bits ; Top        ;
; PARTITION_FITTER_PRESERVATION_LEVEL ; -- (Not supported for targeted family) ; --                     ; adder_A_B_8_bits ; Top        ;
; PARTITION_NETLIST_TYPE              ; -- (Not supported for targeted family) ; --                     ; adder_A_B_8_bits ; Top        ;
; POWER_BOARD_THERMAL_MODEL           ; None (CONSERVATIVE)                    ; --                     ; --               ; --         ;
; POWER_PRESET_COOLING_SOLUTION       ; 23 MM HEAT SINK WITH 200 LFPM AIRFLOW  ; --                     ; --               ; --         ;
; PROJECT_OUTPUT_DIRECTORY            ; output_files                           ; --                     ; --               ; --         ;
; TOP_LEVEL_ENTITY                    ; adder_A_B_8_bits                       ; reg_N_bits_with_areset ; --               ; --         ;
+-------------------------------------+----------------------------------------+------------------------+------------------+------------+


+--------------------------------------------------------------------------------------------------------------------------+
; Flow Elapsed Time                                                                                                        ;
+----------------------+--------------+-------------------------+---------------------+------------------------------------+
; Module Name          ; Elapsed Time ; Average Processors Used ; Peak Virtual Memory ; Total CPU Time (on all processors) ;
+----------------------+--------------+-------------------------+---------------------+------------------------------------+
; Analysis & Synthesis ; 00:00:06     ; 1.0                     ; 4839 MB             ; 00:00:13                           ;
; Fitter               ; 00:00:26     ; 1.0                     ; 7865 MB             ; 00:01:55                           ;
; Assembler            ; 00:00:04     ; 1.0                     ; 4835 MB             ; 00:00:04                           ;
; Timing Analyzer      ; 00:00:03     ; 1.1                     ; 5256 MB             ; 00:00:03                           ;
; EDA Netlist Writer   ; 00:00:01     ; 1.0                     ; 4710 MB             ; 00:00:01                           ;
; EDA Netlist Writer   ; 00:00:01     ; 1.0                     ; 4719 MB             ; 00:00:01                           ;
; Total                ; 00:00:41     ; --                      ; --                  ; 00:02:17                           ;
+----------------------+--------------+-------------------------+---------------------+------------------------------------+


+------------------------------------------------------------------------------------+
; Flow OS Summary                                                                    ;
+----------------------+------------------+------------+------------+----------------+
; Module Name          ; Machine Hostname ; OS Name    ; OS Version ; Processor type ;
+----------------------+------------------+------------+------------+----------------+
; Analysis & Synthesis ; DESKTOP-DUR0QBD  ; Windows 10 ; 10.0       ; x86_64         ;
; Fitter               ; DESKTOP-DUR0QBD  ; Windows 10 ; 10.0       ; x86_64         ;
; Assembler            ; DESKTOP-DUR0QBD  ; Windows 10 ; 10.0       ; x86_64         ;
; Timing Analyzer      ; DESKTOP-DUR0QBD  ; Windows 10 ; 10.0       ; x86_64         ;
; EDA Netlist Writer   ; DESKTOP-DUR0QBD  ; Windows 10 ; 10.0       ; x86_64         ;
; EDA Netlist Writer   ; DESKTOP-DUR0QBD  ; Windows 10 ; 10.0       ; x86_64         ;
+----------------------+------------------+------------+------------+----------------+


------------
; Flow Log ;
------------
quartus_map --read_settings_files=on --write_settings_files=off reg_N_bits_with_areset -c reg_N_bits_with_areset
quartus_fit --read_settings_files=off --write_settings_files=off reg_N_bits_with_areset -c reg_N_bits_with_areset
quartus_asm --read_settings_files=off --write_settings_files=off reg_N_bits_with_areset -c reg_N_bits_with_areset
quartus_sta reg_N_bits_with_areset -c reg_N_bits_with_areset
quartus_eda --gen_testbench --tool=modelsim_oem --format=verilog --write_settings_files=off reg_N_bits_with_areset -c reg_N_bits_with_areset --vector_source=E:/PB/SEM_6/SW/Lab_5/5/Waveform1.vwf --testbench_file=E:/PB/SEM_6/SW/Lab_5/5/simulation/qsim/Waveform1.vwf.vt
quartus_eda --write_settings_files=off --simulation=on --functional=on --flatten_buses=off --tool=modelsim_oem --format=verilog --output_directory=E:/PB/SEM_6/SW/Lab_5/5/simulation/qsim/ reg_N_bits_with_areset -c reg_N_bits_with_areset



