------------------------------------------------------------
Timing Analyzer Summary
------------------------------------------------------------

Type  : Slow 1100mV 85C Model Setup 'Clock'
Slack : 8.998
TNS   : 0.000

Type  : Slow 1100mV 85C Model Hold 'Clock'
Slack : 0.329
TNS   : 0.000

Type  : Slow 1100mV 85C Model Recovery 'Clock'
Slack : 15.753
TNS   : 0.000

Type  : Slow 1100mV 85C Model Removal 'Clock'
Slack : 0.869
TNS   : 0.000

Type  : Slow 1100mV 85C Model Minimum Pulse Width 'Clock'
Slack : 8.868
TNS   : 0.000

Type  : Slow 1100mV 0C Model Setup 'Clock'
Slack : 9.015
TNS   : 0.000

Type  : Slow 1100mV 0C Model Hold 'Clock'
Slack : 0.311
TNS   : 0.000

Type  : Slow 1100mV 0C Model Recovery 'Clock'
Slack : 13.109
TNS   : 0.000

Type  : Slow 1100mV 0C Model Removal 'Clock'
Slack : 3.334
TNS   : 0.000

Type  : Slow 1100mV 0C Model Minimum Pulse Width 'Clock'
Slack : 8.818
TNS   : 0.000

Type  : Fast 1100mV 85C Model Setup 'Clock'
Slack : 13.628
TNS   : 0.000

Type  : Fast 1100mV 85C Model Hold 'Clock'
Slack : 0.190
TNS   : 0.000

Type  : Fast 1100mV 85C Model Recovery 'Clock'
Slack : 14.440
TNS   : 0.000

Type  : Fast 1100mV 85C Model Removal 'Clock'
Slack : 2.386
TNS   : 0.000

Type  : Fast 1100mV 85C Model Minimum Pulse Width 'Clock'
Slack : 8.850
TNS   : 0.000

Type  : Fast 1100mV 0C Model Setup 'Clock'
Slack : 14.175
TNS   : 0.000

Type  : Fast 1100mV 0C Model Hold 'Clock'
Slack : 0.171
TNS   : 0.000

Type  : Fast 1100mV 0C Model Recovery 'Clock'
Slack : 16.573
TNS   : 0.000

Type  : Fast 1100mV 0C Model Removal 'Clock'
Slack : 0.589
TNS   : 0.000

Type  : Fast 1100mV 0C Model Minimum Pulse Width 'Clock'
Slack : 8.836
TNS   : 0.000

------------------------------------------------------------
