Flow report for adder_bcd_2_digits_on_board
Mon Mar 24 15:18:33 2025
Quartus Prime Version 18.1.0 Build 625 09/12/2018 SJ Lite Edition


---------------------
; Table of Contents ;
---------------------
  1. Legal Notice
  2. Flow Summary
  3. Flow Settings
  4. Flow Non-Default Global Settings
  5. Flow Elapsed Time
  6. Flow OS Summary
  7. Flow Log
  8. Flow Messages
  9. Flow Suppressed Messages



----------------
; Legal Notice ;
----------------
Copyright (C) 2018  Intel Corporation. All rights reserved.
Your use of Intel Corporation's design tools, logic functions 
and other software and tools, and its AMPP partner logic 
functions, and any output files from any of the foregoing 
(including device programming or simulation files), and any 
associated documentation or information are expressly subject 
to the terms and conditions of the Intel Program License 
Subscription Agreement, the Intel Quartus Prime License Agreement,
the Intel FPGA IP License Agreement, or other applicable license
agreement, including, without limitation, that your use is for
the sole purpose of programming logic devices manufactured by
Intel and sold by Intel or its authorized distributors.  Please
refer to the applicable agreement for further details.



+-------------------------------------------------------------------------------+
; Flow Summary                                                                  ;
+---------------------------------+---------------------------------------------+
; Flow Status                     ; Successful - Mon Mar 24 15:18:33 2025       ;
; Quartus Prime Version           ; 18.1.0 Build 625 09/12/2018 SJ Lite Edition ;
; Revision Name                   ; adder_bcd_2_digits_on_board                 ;
; Top-level Entity Name           ; adder_bcd_2_digits                          ;
; Family                          ; Cyclone V                                   ;
; Device                          ; 5CSEMA5F31C6                                ;
; Timing Models                   ; Final                                       ;
; Logic utilization (in ALMs)     ; 7 / 32,070 ( < 1 % )                        ;
; Total registers                 ; 0                                           ;
; Total pins                      ; 18 / 457 ( 4 % )                            ;
; Total virtual pins              ; 0                                           ;
; Total block memory bits         ; 0 / 4,065,280 ( 0 % )                       ;
; Total DSP Blocks                ; 0 / 87 ( 0 % )                              ;
; Total HSSI RX PCSs              ; 0                                           ;
; Total HSSI PMA RX Deserializers ; 0                                           ;
; Total HSSI TX PCSs              ; 0                                           ;
; Total HSSI PMA TX Serializers   ; 0                                           ;
; Total PLLs                      ; 0 / 6 ( 0 % )                               ;
; Total DLLs                      ; 0 / 4 ( 0 % )                               ;
+---------------------------------+---------------------------------------------+


+-------------------------------------------------+
; Flow Settings                                   ;
+-------------------+-----------------------------+
; Option            ; Setting                     ;
+-------------------+-----------------------------+
; Start date & time ; 03/19/2025 22:10:53         ;
; Main task         ; Compilation                 ;
; Revision Name     ; adder_bcd_2_digits_on_board ;
+-------------------+-----------------------------+


+----------------------------------------------------------------------------------------------------------------------------------------------+
; Flow Non-Default Global Settings                                                                                                             ;
+-------------------------------------+----------------------------------------+-----------------------------+--------------------+------------+
; Assignment Name                     ; Value                                  ; Default Value               ; Entity Name        ; Section Id ;
+-------------------------------------+----------------------------------------+-----------------------------+--------------------+------------+
; COMPILER_SIGNATURE_ID               ; 2542954823937.174241865321648          ; --                          ; --                 ; --         ;
; MAX_CORE_JUNCTION_TEMP              ; 85                                     ; --                          ; --                 ; --         ;
; MIN_CORE_JUNCTION_TEMP              ; 0                                      ; --                          ; --                 ; --         ;
; PARTITION_COLOR                     ; -- (Not supported for targeted family) ; --                          ; adder_bcd_2_digits ; Top        ;
; PARTITION_FITTER_PRESERVATION_LEVEL ; -- (Not supported for targeted family) ; --                          ; adder_bcd_2_digits ; Top        ;
; PARTITION_NETLIST_TYPE              ; -- (Not supported for targeted family) ; --                          ; adder_bcd_2_digits ; Top        ;
; POWER_BOARD_THERMAL_MODEL           ; None (CONSERVATIVE)                    ; --                          ; --                 ; --         ;
; POWER_PRESET_COOLING_SOLUTION       ; 23 MM HEAT SINK WITH 200 LFPM AIRFLOW  ; --                          ; --                 ; --         ;
; PROJECT_OUTPUT_DIRECTORY            ; output_files                           ; --                          ; --                 ; --         ;
; TOP_LEVEL_ENTITY                    ; adder_bcd_2_digits                     ; adder_bcd_2_digits_on_board ; --                 ; --         ;
+-------------------------------------+----------------------------------------+-----------------------------+--------------------+------------+


+--------------------------------------------------------------------------------------------------------------------------+
; Flow Elapsed Time                                                                                                        ;
+----------------------+--------------+-------------------------+---------------------+------------------------------------+
; Module Name          ; Elapsed Time ; Average Processors Used ; Peak Virtual Memory ; Total CPU Time (on all processors) ;
+----------------------+--------------+-------------------------+---------------------+------------------------------------+
; Analysis & Synthesis ; 00:00:10     ; 1.0                     ; 4846 MB             ; 00:00:23                           ;
; Fitter               ; 00:01:05     ; 1.0                     ; 7852 MB             ; 00:06:08                           ;
; Assembler            ; 00:00:06     ; 1.0                     ; 4828 MB             ; 00:00:06                           ;
; Timing Analyzer      ; 00:00:04     ; 1.1                     ; 5256 MB             ; 00:00:04                           ;
; EDA Netlist Writer   ; 00:00:01     ; 1.0                     ; 4713 MB             ; 00:00:01                           ;
; EDA Netlist Writer   ; 00:00:01     ; 1.0                     ; 4721 MB             ; 00:00:01                           ;
; EDA Netlist Writer   ; 00:00:01     ; 1.0                     ; 4713 MB             ; 00:00:02                           ;
; EDA Netlist Writer   ; 00:00:01     ; 1.0                     ; 4721 MB             ; 00:00:02                           ;
; EDA Netlist Writer   ; 00:00:02     ; 1.0                     ; 4713 MB             ; 00:00:02                           ;
; EDA Netlist Writer   ; 00:00:02     ; 1.0                     ; 4721 MB             ; 00:00:02                           ;
; EDA Netlist Writer   ; 00:00:02     ; 1.0                     ; 4713 MB             ; 00:00:01                           ;
; EDA Netlist Writer   ; 00:00:01     ; 1.0                     ; 4721 MB             ; 00:00:01                           ;
; EDA Netlist Writer   ; 00:00:02     ; 1.0                     ; 4713 MB             ; 00:00:01                           ;
; EDA Netlist Writer   ; 00:00:01     ; 1.0                     ; 4721 MB             ; 00:00:02                           ;
; Total                ; 00:01:39     ; --                      ; --                  ; 00:06:56                           ;
+----------------------+--------------+-------------------------+---------------------+------------------------------------+


+------------------------------------------------------------------------------------+
; Flow OS Summary                                                                    ;
+----------------------+------------------+------------+------------+----------------+
; Module Name          ; Machine Hostname ; OS Name    ; OS Version ; Processor type ;
+----------------------+------------------+------------+------------+----------------+
; Analysis & Synthesis ; DESKTOP-692137   ; Windows 10 ; 10.0       ; x86_64         ;
; Fitter               ; DESKTOP-692137   ; Windows 10 ; 10.0       ; x86_64         ;
; Assembler            ; DESKTOP-692137   ; Windows 10 ; 10.0       ; x86_64         ;
; Timing Analyzer      ; DESKTOP-692137   ; Windows 10 ; 10.0       ; x86_64         ;
; EDA Netlist Writer   ; DESKTOP-692137   ; Windows 10 ; 10.0       ; x86_64         ;
; EDA Netlist Writer   ; DESKTOP-692137   ; Windows 10 ; 10.0       ; x86_64         ;
; EDA Netlist Writer   ; DESKTOP-692137   ; Windows 10 ; 10.0       ; x86_64         ;
; EDA Netlist Writer   ; DESKTOP-692137   ; Windows 10 ; 10.0       ; x86_64         ;
; EDA Netlist Writer   ; DESKTOP-692137   ; Windows 10 ; 10.0       ; x86_64         ;
; EDA Netlist Writer   ; DESKTOP-692137   ; Windows 10 ; 10.0       ; x86_64         ;
; EDA Netlist Writer   ; DESKTOP-692137   ; Windows 10 ; 10.0       ; x86_64         ;
; EDA Netlist Writer   ; DESKTOP-692137   ; Windows 10 ; 10.0       ; x86_64         ;
; EDA Netlist Writer   ; DESKTOP-692137   ; Windows 10 ; 10.0       ; x86_64         ;
; EDA Netlist Writer   ; DESKTOP-692137   ; Windows 10 ; 10.0       ; x86_64         ;
+----------------------+------------------+------------+------------+----------------+


------------
; Flow Log ;
------------
quartus_map --read_settings_files=on --write_settings_files=off adder_bcd_2_digits_on_board -c adder_bcd_2_digits_on_board
quartus_fit --read_settings_files=off --write_settings_files=off adder_bcd_2_digits_on_board -c adder_bcd_2_digits_on_board
quartus_asm --read_settings_files=off --write_settings_files=off adder_bcd_2_digits_on_board -c adder_bcd_2_digits_on_board
quartus_sta adder_bcd_2_digits_on_board -c adder_bcd_2_digits_on_board
quartus_eda --gen_testbench --tool=modelsim_oem --format=verilog --write_settings_files=off adder_bcd_2_digits_on_board -c adder_bcd_2_digits_on_board --vector_source=E:/PB/SEM_6/SW/Lab_4/4/Waveform2.vwf --testbench_file=E:/PB/SEM_6/SW/Lab_4/4/simulation/qsim/Waveform2.vwf.vt
quartus_eda --write_settings_files=off --simulation=on --functional=on --flatten_buses=off --tool=modelsim_oem --format=verilog --output_directory=E:/PB/SEM_6/SW/Lab_4/4/simulation/qsim/ adder_bcd_2_digits_on_board -c adder_bcd_2_digits_on_board
quartus_eda --gen_testbench --tool=modelsim_oem --format=verilog --write_settings_files=off adder_bcd_2_digits_on_board -c adder_bcd_2_digits_on_board --vector_source=E:/PB/SEM_6/SW/Lab_4/4/Waveform2.vwf --testbench_file=E:/PB/SEM_6/SW/Lab_4/4/simulation/qsim/Waveform2.vwf.vt
quartus_eda --write_settings_files=off --simulation=on --functional=on --flatten_buses=off --tool=modelsim_oem --format=verilog --output_directory=E:/PB/SEM_6/SW/Lab_4/4/simulation/qsim/ adder_bcd_2_digits_on_board -c adder_bcd_2_digits_on_board
quartus_eda --gen_testbench --tool=modelsim_oem --format=verilog --write_settings_files=off adder_bcd_2_digits_on_board -c adder_bcd_2_digits_on_board --vector_source=E:/PB/SEM_6/SW/Lab_4/4/Waveform2.vwf --testbench_file=E:/PB/SEM_6/SW/Lab_4/4/simulation/qsim/Waveform2.vwf.vt
quartus_eda --write_settings_files=off --simulation=on --functional=on --flatten_buses=off --tool=modelsim_oem --format=verilog --output_directory=E:/PB/SEM_6/SW/Lab_4/4/simulation/qsim/ adder_bcd_2_digits_on_board -c adder_bcd_2_digits_on_board
quartus_eda --gen_testbench --tool=modelsim_oem --format=verilog --write_settings_files=off adder_bcd_2_digits_on_board -c adder_bcd_2_digits_on_board --vector_source=E:/PB/SEM_6/SW/Lab_4/4/Waveform2.vwf --testbench_file=E:/PB/SEM_6/SW/Lab_4/4/simulation/qsim/Waveform2.vwf.vt
quartus_eda --write_settings_files=off --simulation=on --functional=on --flatten_buses=off --tool=modelsim_oem --format=verilog --output_directory=E:/PB/SEM_6/SW/Lab_4/4/simulation/qsim/ adder_bcd_2_digits_on_board -c adder_bcd_2_digits_on_board
quartus_eda --gen_testbench --tool=modelsim_oem --format=verilog --write_settings_files=off adder_bcd_2_digits_on_board -c adder_bcd_2_digits_on_board --vector_source=E:/PB/SEM_6/SW/Lab_4/4/Waveform2.vwf --testbench_file=E:/PB/SEM_6/SW/Lab_4/4/simulation/qsim/Waveform2.vwf.vt
quartus_eda --write_settings_files=off --simulation=on --functional=on --flatten_buses=off --tool=modelsim_oem --format=verilog --output_directory=E:/PB/SEM_6/SW/Lab_4/4/simulation/qsim/ adder_bcd_2_digits_on_board -c adder_bcd_2_digits_on_board



