------------------------------------------------------------
Timing Analyzer Summary
------------------------------------------------------------

Type  : Slow 1100mV 85C Model Setup 'clk'
Slack : -0.226
TNS   : -0.503

Type  : Slow 1100mV 85C Model Hold 'clk'
Slack : 0.313
TNS   : 0.000

Type  : Slow 1100mV 85C Model Minimum Pulse Width 'clk'
Slack : -0.394
TNS   : -5.239

Type  : Slow 1100mV 0C Model Setup 'clk'
Slack : -0.265
TNS   : -0.550

Type  : Slow 1100mV 0C Model Hold 'clk'
Slack : 0.295
TNS   : 0.000

Type  : Slow 1100mV 0C Model Minimum Pulse Width 'clk'
Slack : -0.394
TNS   : -5.697

Type  : Fast 1100mV 85C Model Setup 'clk'
Slack : 0.305
TNS   : 0.000

Type  : Fast 1100mV 85C Model Hold 'clk'
Slack : 0.182
TNS   : 0.000

Type  : Fast 1100mV 85C Model Minimum Pulse Width 'clk'
Slack : -0.080
TNS   : -0.787

Type  : Fast 1100mV 0C Model Setup 'clk'
Slack : 0.329
TNS   : 0.000

Type  : Fast 1100mV 0C Model Hold 'clk'
Slack : 0.167
TNS   : 0.000

Type  : Fast 1100mV 0C Model Minimum Pulse Width 'clk'
Slack : -0.079
TNS   : -0.782

------------------------------------------------------------
