------------------------------------------------------------
Timing Analyzer Summary
------------------------------------------------------------

Type  : Slow 1100mV 85C Model Setup 's_aload'
Slack : -7.318
TNS   : -45.232

Type  : Slow 1100mV 85C Model Setup 'cs_aload'
Slack : -7.047
TNS   : -44.680

Type  : Slow 1100mV 85C Model Setup 'delay_10ms:delay|counter_modulo_k:counter|Q[0]'
Slack : -5.960
TNS   : -23.528

Type  : Slow 1100mV 85C Model Setup 'm_aload'
Slack : -4.798
TNS   : -18.968

Type  : Slow 1100mV 85C Model Setup 'data[0]'
Slack : -4.619
TNS   : -34.498

Type  : Slow 1100mV 85C Model Setup 'data[4]'
Slack : -4.291
TNS   : -20.805

Type  : Slow 1100mV 85C Model Setup 'clock'
Slack : -0.746
TNS   : -0.862

Type  : Slow 1100mV 85C Model Setup 'toggle_enable'
Slack : -0.503
TNS   : -0.503

Type  : Slow 1100mV 85C Model Hold 'data[0]'
Slack : -4.267
TNS   : -35.232

Type  : Slow 1100mV 85C Model Hold 'clock'
Slack : -3.738
TNS   : -6.688

Type  : Slow 1100mV 85C Model Hold 'data[4]'
Slack : -3.573
TNS   : -28.198

Type  : Slow 1100mV 85C Model Hold 'm_aload'
Slack : -3.226
TNS   : -12.351

Type  : Slow 1100mV 85C Model Hold 'cs_aload'
Slack : -2.203
TNS   : -15.334

Type  : Slow 1100mV 85C Model Hold 's_aload'
Slack : -2.036
TNS   : -13.615

Type  : Slow 1100mV 85C Model Hold 'toggle_enable'
Slack : 0.519
TNS   : 0.000

Type  : Slow 1100mV 85C Model Hold 'delay_10ms:delay|counter_modulo_k:counter|Q[0]'
Slack : 1.070
TNS   : 0.000

Type  : Slow 1100mV 85C Model Recovery 's_aload'
Slack : -4.089
TNS   : -16.343

Type  : Slow 1100mV 85C Model Recovery 'delay_10ms:delay|counter_modulo_k:counter|Q[0]'
Slack : -2.307
TNS   : -9.218

Type  : Slow 1100mV 85C Model Recovery 'data[4]'
Slack : -1.810
TNS   : -7.227

Type  : Slow 1100mV 85C Model Recovery 'm_aload'
Slack : -0.951
TNS   : -2.847

Type  : Slow 1100mV 85C Model Recovery 'data[0]'
Slack : -0.581
TNS   : -1.737

Type  : Slow 1100mV 85C Model Recovery 'cs_aload'
Slack : 0.151
TNS   : 0.000

Type  : Slow 1100mV 85C Model Removal 'data[0]'
Slack : -4.314
TNS   : -38.079

Type  : Slow 1100mV 85C Model Removal 'data[4]'
Slack : -3.634
TNS   : -18.708

Type  : Slow 1100mV 85C Model Removal 'm_aload'
Slack : -3.293
TNS   : -9.873

Type  : Slow 1100mV 85C Model Removal 'cs_aload'
Slack : -2.203
TNS   : -15.776

Type  : Slow 1100mV 85C Model Removal 's_aload'
Slack : -2.050
TNS   : -6.150

Type  : Slow 1100mV 85C Model Removal 'delay_10ms:delay|counter_modulo_k:counter|Q[0]'
Slack : 1.126
TNS   : 0.000

Type  : Slow 1100mV 85C Model Minimum Pulse Width 'm_aload'
Slack : -2.323
TNS   : -29.992

Type  : Slow 1100mV 85C Model Minimum Pulse Width 's_aload'
Slack : -0.959
TNS   : -22.284

Type  : Slow 1100mV 85C Model Minimum Pulse Width 'cs_aload'
Slack : -0.934
TNS   : -27.135

Type  : Slow 1100mV 85C Model Minimum Pulse Width 'data[4]'
Slack : -0.405
TNS   : -6.300

Type  : Slow 1100mV 85C Model Minimum Pulse Width 'data[0]'
Slack : -0.394
TNS   : -6.166

Type  : Slow 1100mV 85C Model Minimum Pulse Width 'delay_10ms:delay|counter_modulo_k:counter|Q[0]'
Slack : -0.394
TNS   : -2.156

Type  : Slow 1100mV 85C Model Minimum Pulse Width 'clock'
Slack : -0.394
TNS   : -1.044

Type  : Slow 1100mV 85C Model Minimum Pulse Width 'toggle_enable'
Slack : -0.394
TNS   : -0.642

Type  : Slow 1100mV 0C Model Setup 's_aload'
Slack : -6.955
TNS   : -43.499

Type  : Slow 1100mV 0C Model Setup 'cs_aload'
Slack : -6.627
TNS   : -43.451

Type  : Slow 1100mV 0C Model Setup 'delay_10ms:delay|counter_modulo_k:counter|Q[0]'
Slack : -5.892
TNS   : -23.320

Type  : Slow 1100mV 0C Model Setup 'm_aload'
Slack : -4.612
TNS   : -18.216

Type  : Slow 1100mV 0C Model Setup 'data[0]'
Slack : -4.460
TNS   : -33.625

Type  : Slow 1100mV 0C Model Setup 'data[4]'
Slack : -4.137
TNS   : -20.461

Type  : Slow 1100mV 0C Model Setup 'clock'
Slack : -0.726
TNS   : -0.807

Type  : Slow 1100mV 0C Model Setup 'toggle_enable'
Slack : -0.487
TNS   : -0.487

Type  : Slow 1100mV 0C Model Hold 'data[0]'
Slack : -4.192
TNS   : -34.411

Type  : Slow 1100mV 0C Model Hold 'clock'
Slack : -3.774
TNS   : -6.738

Type  : Slow 1100mV 0C Model Hold 'data[4]'
Slack : -3.304
TNS   : -25.779

Type  : Slow 1100mV 0C Model Hold 'm_aload'
Slack : -3.064
TNS   : -11.907

Type  : Slow 1100mV 0C Model Hold 'cs_aload'
Slack : -2.090
TNS   : -14.563

Type  : Slow 1100mV 0C Model Hold 's_aload'
Slack : -1.958
TNS   : -13.085

Type  : Slow 1100mV 0C Model Hold 'toggle_enable'
Slack : 0.501
TNS   : 0.000

Type  : Slow 1100mV 0C Model Hold 'delay_10ms:delay|counter_modulo_k:counter|Q[0]'
Slack : 0.996
TNS   : 0.000

Type  : Slow 1100mV 0C Model Recovery 's_aload'
Slack : -4.000
TNS   : -15.987

Type  : Slow 1100mV 0C Model Recovery 'delay_10ms:delay|counter_modulo_k:counter|Q[0]'
Slack : -2.243
TNS   : -8.965

Type  : Slow 1100mV 0C Model Recovery 'data[4]'
Slack : -1.891
TNS   : -7.551

Type  : Slow 1100mV 0C Model Recovery 'm_aload'
Slack : -0.975
TNS   : -2.916

Type  : Slow 1100mV 0C Model Recovery 'data[0]'
Slack : -0.575
TNS   : -1.716

Type  : Slow 1100mV 0C Model Recovery 'cs_aload'
Slack : 0.131
TNS   : 0.000

Type  : Slow 1100mV 0C Model Removal 'data[0]'
Slack : -4.235
TNS   : -37.157

Type  : Slow 1100mV 0C Model Removal 'data[4]'
Slack : -3.331
TNS   : -17.156

Type  : Slow 1100mV 0C Model Removal 'm_aload'
Slack : -3.138
TNS   : -9.408

Type  : Slow 1100mV 0C Model Removal 'cs_aload'
Slack : -2.106
TNS   : -15.268

Type  : Slow 1100mV 0C Model Removal 's_aload'
Slack : -1.994
TNS   : -5.982

Type  : Slow 1100mV 0C Model Removal 'delay_10ms:delay|counter_modulo_k:counter|Q[0]'
Slack : 1.065
TNS   : 0.000

Type  : Slow 1100mV 0C Model Minimum Pulse Width 'm_aload'
Slack : -2.241
TNS   : -29.240

Type  : Slow 1100mV 0C Model Minimum Pulse Width 's_aload'
Slack : -0.983
TNS   : -23.096

Type  : Slow 1100mV 0C Model Minimum Pulse Width 'cs_aload'
Slack : -0.903
TNS   : -27.026

Type  : Slow 1100mV 0C Model Minimum Pulse Width 'data[4]'
Slack : -0.436
TNS   : -6.472

Type  : Slow 1100mV 0C Model Minimum Pulse Width 'data[0]'
Slack : -0.394
TNS   : -5.904

Type  : Slow 1100mV 0C Model Minimum Pulse Width 'delay_10ms:delay|counter_modulo_k:counter|Q[0]'
Slack : -0.394
TNS   : -2.170

Type  : Slow 1100mV 0C Model Minimum Pulse Width 'clock'
Slack : -0.394
TNS   : -1.144

Type  : Slow 1100mV 0C Model Minimum Pulse Width 'toggle_enable'
Slack : -0.394
TNS   : -0.627

Type  : Fast 1100mV 85C Model Setup 's_aload'
Slack : -4.770
TNS   : -29.216

Type  : Fast 1100mV 85C Model Setup 'cs_aload'
Slack : -4.579
TNS   : -26.121

Type  : Fast 1100mV 85C Model Setup 'delay_10ms:delay|counter_modulo_k:counter|Q[0]'
Slack : -3.540
TNS   : -13.910

Type  : Fast 1100mV 85C Model Setup 'm_aload'
Slack : -3.259
TNS   : -11.228

Type  : Fast 1100mV 85C Model Setup 'data[0]'
Slack : -2.903
TNS   : -19.740

Type  : Fast 1100mV 85C Model Setup 'data[4]'
Slack : -2.565
TNS   : -11.031

Type  : Fast 1100mV 85C Model Setup 'clock'
Slack : -0.494
TNS   : -0.494

Type  : Fast 1100mV 85C Model Setup 'toggle_enable'
Slack : -0.005
TNS   : -0.005

Type  : Fast 1100mV 85C Model Hold 'data[0]'
Slack : -2.375
TNS   : -20.275

Type  : Fast 1100mV 85C Model Hold 'clock'
Slack : -2.145
TNS   : -3.893

Type  : Fast 1100mV 85C Model Hold 'data[4]'
Slack : -2.071
TNS   : -16.205

Type  : Fast 1100mV 85C Model Hold 'm_aload'
Slack : -1.997
TNS   : -7.588

Type  : Fast 1100mV 85C Model Hold 'cs_aload'
Slack : -1.439
TNS   : -10.248

Type  : Fast 1100mV 85C Model Hold 's_aload'
Slack : -1.342
TNS   : -8.625

Type  : Fast 1100mV 85C Model Hold 'toggle_enable'
Slack : 0.267
TNS   : 0.000

Type  : Fast 1100mV 85C Model Hold 'delay_10ms:delay|counter_modulo_k:counter|Q[0]'
Slack : 0.504
TNS   : 0.000

Type  : Fast 1100mV 85C Model Recovery 's_aload'
Slack : -2.878
TNS   : -11.700

Type  : Fast 1100mV 85C Model Recovery 'delay_10ms:delay|counter_modulo_k:counter|Q[0]'
Slack : -1.666
TNS   : -6.660

Type  : Fast 1100mV 85C Model Recovery 'data[4]'
Slack : -1.037
TNS   : -4.144

Type  : Fast 1100mV 85C Model Recovery 'm_aload'
Slack : -0.809
TNS   : -2.424

Type  : Fast 1100mV 85C Model Recovery 'cs_aload'
Slack : -0.225
TNS   : -0.894

Type  : Fast 1100mV 85C Model Recovery 'data[0]'
Slack : 0.093
TNS   : 0.000

Type  : Fast 1100mV 85C Model Removal 'data[0]'
Slack : -2.410
TNS   : -21.691

Type  : Fast 1100mV 85C Model Removal 'data[4]'
Slack : -2.084
TNS   : -11.240

Type  : Fast 1100mV 85C Model Removal 'm_aload'
Slack : -2.029
TNS   : -6.084

Type  : Fast 1100mV 85C Model Removal 'cs_aload'
Slack : -1.474
TNS   : -10.464

Type  : Fast 1100mV 85C Model Removal 's_aload'
Slack : -1.378
TNS   : -4.134

Type  : Fast 1100mV 85C Model Removal 'delay_10ms:delay|counter_modulo_k:counter|Q[0]'
Slack : 0.563
TNS   : 0.000

Type  : Fast 1100mV 85C Model Minimum Pulse Width 'm_aload'
Slack : -1.425
TNS   : -13.898

Type  : Fast 1100mV 85C Model Minimum Pulse Width 'cs_aload'
Slack : -0.671
TNS   : -20.534

Type  : Fast 1100mV 85C Model Minimum Pulse Width 's_aload'
Slack : -0.667
TNS   : -14.072

Type  : Fast 1100mV 85C Model Minimum Pulse Width 'data[4]'
Slack : -0.393
TNS   : -4.075

Type  : Fast 1100mV 85C Model Minimum Pulse Width 'data[0]'
Slack : -0.353
TNS   : -3.115

Type  : Fast 1100mV 85C Model Minimum Pulse Width 'toggle_enable'
Slack : -0.287
TNS   : -0.287

Type  : Fast 1100mV 85C Model Minimum Pulse Width 'clock'
Slack : -0.074
TNS   : -0.148

Type  : Fast 1100mV 85C Model Minimum Pulse Width 'delay_10ms:delay|counter_modulo_k:counter|Q[0]'
Slack : 0.158
TNS   : 0.000

Type  : Fast 1100mV 0C Model Setup 's_aload'
Slack : -4.455
TNS   : -27.038

Type  : Fast 1100mV 0C Model Setup 'cs_aload'
Slack : -4.279
TNS   : -25.026

Type  : Fast 1100mV 0C Model Setup 'delay_10ms:delay|counter_modulo_k:counter|Q[0]'
Slack : -3.453
TNS   : -13.620

Type  : Fast 1100mV 0C Model Setup 'm_aload'
Slack : -2.982
TNS   : -10.374

Type  : Fast 1100mV 0C Model Setup 'data[0]'
Slack : -2.498
TNS   : -17.077

Type  : Fast 1100mV 0C Model Setup 'data[4]'
Slack : -2.232
TNS   : -9.400

Type  : Fast 1100mV 0C Model Setup 'clock'
Slack : -0.239
TNS   : -0.239

Type  : Fast 1100mV 0C Model Setup 'toggle_enable'
Slack : 0.033
TNS   : 0.000

Type  : Fast 1100mV 0C Model Hold 'data[0]'
Slack : -2.284
TNS   : -19.499

Type  : Fast 1100mV 0C Model Hold 'clock'
Slack : -2.106
TNS   : -3.834

Type  : Fast 1100mV 0C Model Hold 'data[4]'
Slack : -2.024
TNS   : -15.843

Type  : Fast 1100mV 0C Model Hold 'm_aload'
Slack : -1.902
TNS   : -7.252

Type  : Fast 1100mV 0C Model Hold 'cs_aload'
Slack : -1.323
TNS   : -9.385

Type  : Fast 1100mV 0C Model Hold 's_aload'
Slack : -1.270
TNS   : -8.148

Type  : Fast 1100mV 0C Model Hold 'toggle_enable'
Slack : 0.238
TNS   : 0.000

Type  : Fast 1100mV 0C Model Hold 'delay_10ms:delay|counter_modulo_k:counter|Q[0]'
Slack : 0.458
TNS   : 0.000

Type  : Fast 1100mV 0C Model Recovery 's_aload'
Slack : -2.667
TNS   : -11.044

Type  : Fast 1100mV 0C Model Recovery 'delay_10ms:delay|counter_modulo_k:counter|Q[0]'
Slack : -1.637
TNS   : -6.544

Type  : Fast 1100mV 0C Model Recovery 'm_aload'
Slack : -0.855
TNS   : -2.564

Type  : Fast 1100mV 0C Model Recovery 'data[4]'
Slack : -0.795
TNS   : -3.175

Type  : Fast 1100mV 0C Model Recovery 'cs_aload'
Slack : -0.275
TNS   : -1.100

Type  : Fast 1100mV 0C Model Recovery 'data[0]'
Slack : 0.035
TNS   : 0.000

Type  : Fast 1100mV 0C Model Removal 'data[0]'
Slack : -2.318
TNS   : -20.801

Type  : Fast 1100mV 0C Model Removal 'data[4]'
Slack : -2.042
TNS   : -11.703

Type  : Fast 1100mV 0C Model Removal 'm_aload'
Slack : -1.931
TNS   : -5.790

Type  : Fast 1100mV 0C Model Removal 'cs_aload'
Slack : -1.357
TNS   : -9.596

Type  : Fast 1100mV 0C Model Removal 's_aload'
Slack : -1.303
TNS   : -3.909

Type  : Fast 1100mV 0C Model Removal 'delay_10ms:delay|counter_modulo_k:counter|Q[0]'
Slack : 0.563
TNS   : 0.000

Type  : Fast 1100mV 0C Model Minimum Pulse Width 'm_aload'
Slack : -1.392
TNS   : -12.942

Type  : Fast 1100mV 0C Model Minimum Pulse Width 's_aload'
Slack : -0.656
TNS   : -13.472

Type  : Fast 1100mV 0C Model Minimum Pulse Width 'cs_aload'
Slack : -0.635
TNS   : -18.158

Type  : Fast 1100mV 0C Model Minimum Pulse Width 'data[4]'
Slack : -0.397
TNS   : -4.068

Type  : Fast 1100mV 0C Model Minimum Pulse Width 'data[0]'
Slack : -0.341
TNS   : -2.942

Type  : Fast 1100mV 0C Model Minimum Pulse Width 'toggle_enable'
Slack : -0.281
TNS   : -0.281

Type  : Fast 1100mV 0C Model Minimum Pulse Width 'clock'
Slack : -0.077
TNS   : -0.154

Type  : Fast 1100mV 0C Model Minimum Pulse Width 'delay_10ms:delay|counter_modulo_k:counter|Q[0]'
Slack : 0.156
TNS   : 0.000

------------------------------------------------------------
